
> edu-education-platform-frontend@1.0.0 test
> vitest --run


[1m[46m RUN [49m[22m [36mv4.0.17 [39m[90mF:/edu-ai-platform-web/frontend[39m

node.exe : [2m09:15:08[22m [33m[1m[vite][22m[39m [33m[2m(client)[22m[39m [33mwarning: [33mDuplicate key "onsuccess" in obje
ct literal[33m
所在位置 行:1 字符: 1
+ & "E:\node/node.exe" "E:\node/node_modules/npm/bin/npm-cli.js" test
+ ~~~~~~~~~~~~~~~~~~~~~~~~~~~~~~~~~~~~~~~~~~~~~~~~~~~~~~~~~~~~~~~~~~~
    + CategoryInfo          : NotSpecified: ([2m09:15:08[2...ct literal[33m:String) [], RemoteException
    + FullyQualifiedErrorId : NativeCommandError
 
44 |                  onsuccess: null,
45 |                  onerror: null,
46 |                  set onsuccess(fn: any) { setTimeout(() => fn(), 0) },
   |                      ^
47 |                  set onerror(fn: any) { }
48 |                }
[39m
  Plugin: [35mvite:esbuild[39m
  File: [36mF:/edu-ai-platform-web/frontend/src/utils/__tests__/setup.ts[39m
[2m09:15:08[22m [33m[1m[vite][22m[39m [33m[2m(client)[22m[39m [33mwarning: [33mDuplicate key "onerror" in object literal[3
3m
45 |                  onerror: null,
46 |                  set onsuccess(fn: any) { setTimeout(() => fn(), 0) },
47 |                  set onerror(fn: any) { }
   |                      ^
48 |                }
49 |              },
[39m
  Plugin: [35mvite:esbuild[39m
  File: [36mF:/edu-ai-platform-web/frontend/src/utils/__tests__/setup.ts[39m
[2m09:15:08[22m [33m[1m[vite][22m[39m [33m[2m(client)[22m[39m [33mwarning: [33mDuplicate key "onsuccess" in object literal
[33m
52 |                onerror: null,
53 |                result: store.get(key),
54 |                set onsuccess(fn: any) { setTimeout(() => fn(), 0) },
   |                    ^
55 |                set onerror(fn: any) { }
56 |              }),
[39m
  Plugin: [35mvite:esbuild[39m
  File: [36mF:/edu-ai-platform-web/frontend/src/utils/__tests__/setup.ts[39m
[2m09:15:08[22m [33m[1m[vite][22m[39m [33m[2m(client)[22m[39m [33mwarning: [33mDuplicate key "onerror" in object literal[3
3m
53 |                result: store.get(key),
54 |                set onsuccess(fn: any) { setTimeout(() => fn(), 0) },
55 |                set onerror(fn: any) { }
   |                    ^
56 |              }),
57 |              delete: (key: string) => {
[39m
  Plugin: [35mvite:esbuild[39m
  File: [36mF:/edu-ai-platform-web/frontend/src/utils/__tests__/setup.ts[39m
[2m09:15:08[22m [33m[1m[vite][22m[39m [33m[2m(client)[22m[39m [33mwarning: [33mDuplicate key "onsuccess" in object literal
[33m
60 |                  onsuccess: null,
61 |                  onerror: null,
62 |                  set onsuccess(fn: any) { setTimeout(() => fn(), 0) },
   |                      ^
63 |                  set onerror(fn: any) { }
64 |                }
[39m
  Plugin: [35mvite:esbuild[39m
  File: [36mF:/edu-ai-platform-web/frontend/src/utils/__tests__/setup.ts[39m
[2m09:15:08[22m [33m[1m[vite][22m[39m [33m[2m(client)[22m[39m [33mwarning: [33mDuplicate key "onerror" in object literal[3
3m
61 |                  onerror: null,
62 |                  set onsuccess(fn: any) { setTimeout(() => fn(), 0) },
63 |                  set onerror(fn: any) { }
   |                      ^
64 |                }
65 |              },
[39m
  Plugin: [35mvite:esbuild[39m
  File: [36mF:/edu-ai-platform-web/frontend/src/utils/__tests__/setup.ts[39m
[2m09:15:08[22m [33m[1m[vite][22m[39m [33m[2m(client)[22m[39m [33mwarning: [33mDuplicate key "onsuccess" in object literal
[33m
69 |                  onsuccess: null,
70 |                  onerror: null,
71 |                  set onsuccess(fn: any) { setTimeout(() => fn(), 0) },
   |                      ^
72 |                  set onerror(fn: any) { }
73 |                }
[39m
  Plugin: [35mvite:esbuild[39m
  File: [36mF:/edu-ai-platform-web/frontend/src/utils/__tests__/setup.ts[39m
[2m09:15:08[22m [33m[1m[vite][22m[39m [33m[2m(client)[22m[39m [33mwarning: [33mDuplicate key "onerror" in object literal[3
3m
70 |                  onerror: null,
71 |                  set onsuccess(fn: any) { setTimeout(() => fn(), 0) },
72 |                  set onerror(fn: any) { }
   |                      ^
73 |                }
74 |              },
[39m
  Plugin: [35mvite:esbuild[39m
  File: [36mF:/edu-ai-platform-web/frontend/src/utils/__tests__/setup.ts[39m
[2m09:15:08[22m [33m[1m[vite][22m[39m [33m[2m(client)[22m[39m [33mwarning: [33mDuplicate key "onsuccess" in object literal
[33m
77 |                onerror: null,
78 |                result: Array.from(store.values()),
79 |                set onsuccess(fn: any) { setTimeout(() => fn(), 0) },
   |                    ^
80 |                set onerror(fn: any) { }
81 |              }),
[39m
  Plugin: [35mvite:esbuild[39m
  File: [36mF:/edu-ai-platform-web/frontend/src/utils/__tests__/setup.ts[39m
[2m09:15:08[22m [33m[1m[vite][22m[39m [33m[2m(client)[22m[39m [33mwarning: [33mDuplicate key "onerror" in object literal[3
3m
78 |                result: Array.from(store.values()),
79 |                set onsuccess(fn: any) { setTimeout(() => fn(), 0) },
80 |                set onerror(fn: any) { }
   |                    ^
81 |              }),
82 |              getAllKeys: () => ({
[39m
  Plugin: [35mvite:esbuild[39m
  File: [36mF:/edu-ai-platform-web/frontend/src/utils/__tests__/setup.ts[39m
[2m09:15:08[22m [33m[1m[vite][22m[39m [33m[2m(client)[22m[39m [33mwarning: [33mDuplicate key "onsuccess" in object literal
[33m
84 |                onerror: null,
85 |                result: Array.from(store.keys()),
86 |                set onsuccess(fn: any) { setTimeout(() => fn(), 0) },
   |                    ^
87 |                set onerror(fn: any) { }
88 |              }),
[39m
  Plugin: [35mvite:esbuild[39m
  File: [36mF:/edu-ai-platform-web/frontend/src/utils/__tests__/setup.ts[39m
[2m09:15:08[22m [33m[1m[vite][22m[39m [33m[2m(client)[22m[39m [33mwarning: [33mDuplicate key "onerror" in object literal[3
3m
85 |                result: Array.from(store.keys()),
86 |                set onsuccess(fn: any) { setTimeout(() => fn(), 0) },
87 |                set onerror(fn: any) { }
   |                    ^
88 |              }),
89 |              index: () => ({
[39m
  Plugin: [35mvite:esbuild[39m
  File: [36mF:/edu-ai-platform-web/frontend/src/utils/__tests__/setup.ts[39m
[2m09:15:08[22m [33m[1m[vite][22m[39m [33m[2m(client)[22m[39m [33mwarning: [33mDuplicate key "onsuccess" in object literal
[33m
95 |                    onsuccess: null,
96 |                    onerror: null,
97 |                    set onsuccess(fn: any) {
   |                        ^
98 |                      setTimeout(() => {
99 |                        const cursor = {
[39m
  Plugin: [35mvite:esbuild[39m
  File: [36mF:/edu-ai-platform-web/frontend/src/utils/__tests__/setup.ts[39m
[2m09:15:08[22m [33m[1m[vite][22m[39m [33m[2m(client)[22m[39m [33mwarning: [33mDuplicate key "onerror" in object literal[3
3m
115 |                      }, 0)
116 |                    },
117 |                    set onerror(fn: any) { }
    |                        ^
118 |                  }
119 |                }
[39m
  Plugin: [35mvite:esbuild[39m
  File: [36mF:/edu-ai-platform-web/frontend/src/utils/__tests__/setup.ts[39m
[2m09:15:08[22m [33m[1m[vite][22m[39m [33m[2m(client)[22m[39m [33mwarning: [33mDuplicate key "onsuccess" in object literal
[33m
131 |        onupgradeneeded: null,
132 |        result: new MockIDBDatabase(),
133 |        set onsuccess(fn: any) { setTimeout(() => fn(), 0) },
    |            ^
134 |        set onerror(fn: any) { },
135 |        set onupgradeneeded(fn: any) { setTimeout(() => fn({ target: { result: new MockIDBDatabase() } }), 0) }
[39m
  Plugin: [35mvite:esbuild[39m
  File: [36mF:/edu-ai-platform-web/frontend/src/utils/__tests__/setup.ts[39m
[2m09:15:08[22m [33m[1m[vite][22m[39m [33m[2m(client)[22m[39m [33mwarning: [33mDuplicate key "onerror" in object literal[3
3m
132 |        result: new MockIDBDatabase(),
133 |        set onsuccess(fn: any) { setTimeout(() => fn(), 0) },
134 |        set onerror(fn: any) { },
    |            ^
135 |        set onupgradeneeded(fn: any) { setTimeout(() => fn({ target: { result: new MockIDBDatabase() } }), 0) }
136 |      })
[39m
  Plugin: [35mvite:esbuild[39m
  File: [36mF:/edu-ai-platform-web/frontend/src/utils/__tests__/setup.ts[39m
[2m09:15:08[22m [33m[1m[vite][22m[39m [33m[2m(client)[22m[39m [33mwarning: [33mDuplicate key "onupgradeneeded" in object li
teral[33m
133 |        set onsuccess(fn: any) { setTimeout(() => fn(), 0) },
134 |        set onerror(fn: any) { },
135 |        set onupgradeneeded(fn: any) { setTimeout(() => fn({ target: { result: new MockIDBDatabase() } }), 0) }
    |            ^
136 |      })
137 |    }
[39m
  Plugin: [35mvite:esbuild[39m
  File: [36mF:/edu-ai-platform-web/frontend/src/utils/__tests__/setup.ts[39m
[90mstdout[2m | src/wasm/__tests__/learning-analytics.manual.test.js
[22m[39m========================================
瀛︽儏鍒嗘瀽璁＄畻妯″潡 - 鎵嬪姩娴嬭瘯
========================================

馃搳 骞冲潎鍒嗚绠楁祴璇?
鉁?PASSED: 绌烘暟缁勮繑鍥?
鉁?PASSED: 鍗曚釜鍒嗘暟杩斿洖璇ュ垎鏁?鉁?PASSED: 澶氫釜鍒嗘暟璁＄畻姝ｇ‘

鉁?鍙婃牸鐜囪绠楁祴璇?
鉁?PASSED: 绌烘暟缁勮繑鍥?
鉁?PASSED: 鍏ㄩ儴鍙婃牸杩斿洖100
鉁?PASSED: 鍏ㄩ儴涓嶅強鏍艰繑鍥?
鉁?PASSED: 閮ㄥ垎鍙婃牸璁＄畻姝ｇ‘

猸?浼樼鐜囪绠楁祴璇?
鉁?PASSED: 绌烘暟缁勮繑鍥?
鉁?PASSED: 鍏ㄩ儴浼樼杩斿洖100
鉁?PASSED: 鍏ㄩ儴涓嶄紭绉€杩斿洖0
鉁?PASSED: 閮ㄥ垎浼樼璁＄畻姝ｇ‘

馃搱 杩涙骞呭害璁＄畻娴嬭瘯:
鉁?PASSED: 绌烘暟缁勮繑鍥?
鉁?PASSED: 杩涙璁＄畻姝ｇ‘
鉁?PASSED: 涓嬮檷璁＄畻姝ｇ‘
鉁?PASSED: 鏃犲彉鍖栬繑鍥?

馃幆 瀛︾敓鍒嗗眰娴嬭瘯:
鉁?PASSED: 50鍒嗕负鍩虹灞?鉁?PASSED: 75鍒嗕负涓瓑灞?鉁?PASSED: 90鍒嗕负鎻愰珮灞?鉁?PASSED: 60鍒嗕负涓瓑灞?鉁?PASSED: 85鍒嗕负鎻愰珮灞?
馃摎 鐭ヨ瘑鐐规帉鎻″害娴嬭瘯:
鉁?PASSED: 鎬绘暟涓?杩斿洖0
鉁?PASSED: 瀹屽叏鎺屾彙杩斿洖100
鉁?PASSED: 瀹屽叏鏈帉鎻¤繑鍥?
鉁?PASSED: 閮ㄥ垎鎺屾彙璁＄畻姝ｇ‘
鉁?PASSED: 1/3鎺屾彙搴︾害涓?3.33

鉂?閿欒鐜囪绠楁祴璇?
鉁?PASSED: 鎬绘暟涓?杩斿洖0
鉁?PASSED: 鍏ㄩ儴姝ｇ‘杩斿洖0
鉁?PASSED: 鍏ㄩ儴閿欒杩斿洖100
鉁?PASSED: 閮ㄥ垎閿欒璁＄畻姝ｇ‘
鉁?PASSED: 2/3閿欒鐜囩害涓?6.67

馃敆 闆嗘垚娴嬭瘯:
鉁?PASSED: 鐝骇骞冲潎鍒嗚绠楁纭?鉁?PASSED: 鐝骇鍙婃牸鐜囪绠楁纭?鉁?PASSED: 鐝骇浼樼鐜囪绠楁纭?
馃搳 瀛︾敓杩涘害杩借釜娴嬭瘯:
鉁?PASSED: 瀛︾敓杩涙10鍒?鉁?PASSED: 绗竴涓湀涓轰腑绛夊眰
鉁?PASSED: 绗簩涓湀浠嶄负涓瓑灞?
馃搱 鐭ヨ瘑鐐规帉鎻″害鍜岄敊璇巼鍏崇郴娴嬭瘯:
鉁?PASSED: 鎺屾彙搴︿负80%
鉁?PASSED: 閿欒鐜囦负20%
鉁?PASSED: 鎺屾彙搴?+ 閿欒鐜?= 100%

========================================
鉁?鎵€鏈夋祴璇曢€氳繃锛?========================================

 [31m鉂?[39m src/wasm/__tests__/learning-analytics.manual.test.js [2m([22m[2m0 test[22m[2m)[22m
[90mstdout[2m | src/wasm/__tests__/wasm-loader.test.ts[2m > [22m[2mWASM Loader
[22m[39m[WASM] 寮€濮嬪姞杞芥ā鍧?..

[90mstdout[2m | src/utils/__tests__/wasm-loader.test.ts[2m > [22m[2mProperty 56: WASM娴忚鍣ㄦ墽琛?[22m[39m[WASM] 寮€濮嬪姞杞芥ā鍧?..

[90mstdout[2m | src/wasm/__tests__/wasm-loader.test.ts[2m > [22m[2mWASM Loader
[22m[39m[WASM] 妯″潡鍔犺浇鎴愬姛锛岃€楁椂: 95.47ms

[90mstdout[2m | src/utils/__tests__/wasm-loader.test.ts[2m > [22m[2mProperty 56: WASM娴忚鍣ㄦ墽琛?[22m[39m[WASM] 妯″潡鍔犺浇鎴愬姛锛岃€楁椂: 81.34ms

 [31m鉂?[39m src/wasm/__tests__/wasm-loader.test.ts [2m([22m[2m16 tests[22m[2m | [22m[31m1 failed[39m[2m)[22m[32m 147[2mms[22m[39m
       [32m鉁?[39m should detect WebAssembly support[32m 5[2mms[22m[39m
       [32m鉁?[39m should match identical answers[32m 1[2mms[22m[39m
       [32m鉁?[39m should match case-insensitive answers[32m 1[2mms[22m[39m
       [32m鉁?[39m should match answers with spaces[32m 1[2mms[22m[39m
       [32m鉁?[39m should not match different answers[32m 1[2mms[22m[39m
       [32m鉁?[39m should match Chinese answers[32m 1[2mms[22m[39m
       [32m鉁?[39m should match Chinese answers with spaces[32m 1[2mms[22m[39m
       [32m鉁?[39m should return 1.0 for identical strings[32m 1[2mms[22m[39m
       [32m鉁?[39m should return 0.0 for completely different strings[32m 2[2mms[22m[39m
       [32m鉁?[39m should return 0.0 for empty vs non-empty[32m 1[2mms[22m[39m
       [32m鉁?[39m should return 1.0 for two empty strings[32m 1[2mms[22m[39m
[31m       [31m脳[31m should return high similarity for similar strings[39m[32m 16[2mms[22m[39m
       [32m鉁?[39m should handle Chinese text[32m 1[2mms[22m[39m
       [32m鉁?[39m should return value between 0 and 1[32m 1[2mms[22m[39m
       [32m鉁?[39m should complete compare_answers in reasonable time[32m 2[2mms[22m[39m
       [32m鉁?[39m should complete calculate_similarity in reasonable time[32m 6[2mms[22m[39m
 [32m鉁?[39m src/utils/__tests__/wasm-loader.test.ts [2m([22m[2m20 tests[22m[2m)[22m[32m 162[2mms[22m[39m
 [32m鉁?[39m src/wasm/__tests__/learning-analytics.test.ts [2m([22m[2m39 tests[22m[2m)[22m[32m 29[2mms[22m[39m
[90mstderr[2m | src/utils/__tests__/harmonyos-camera.property.test.ts[2m > [22m[2mProperty 60: 楦胯挋鐩告満API闆嗘垚[2m > [22m[2m鍥剧墖涓婁紶鍔
熻兘[2m > [22m[2m涓婁紶澶辫触搴旇繑鍥為敊璇俊鎭?[22m[39m鍥剧墖涓婁紶澶辫触: Error: 涓婁紶澶辫触: Internal Server Error
    at uploadCameraImage (F:/edu-ai-platform-web/frontend/src/utils/harmonyos-camera.ts:277:13)
[90m    at processTicksAndRejections (node:internal/process/task_queues:105:5)[39m
    at F:/edu-ai-platform-web/frontend/src/utils/__tests__/harmonyos-camera.property.test.ts:174:22
    at [90mfile:///F:/edu-ai-platform-web/frontend/[39mnode_modules/[4m@vitest[24m/runner/dist/index.js:915:20

[90mstderr[2m | src/utils/__tests__/harmonyos-camera.property.test.ts[2m > [22m[2mProperty 60: 楦胯挋鐩告満API闆嗘垚[2m > [22m[2m鍥剧墖涓婁紶鍔
熻兘[2m > [22m[2m缃戠粶閿欒搴旇姝ｇ‘澶勭悊
[22m[39m鍥剧墖涓婁紶澶辫触: Error: Network error
    at F:/edu-ai-platform-web/frontend/src/utils/__tests__/harmonyos-camera.property.test.ts:182:51
    at [90mfile:///F:/edu-ai-platform-web/frontend/[39mnode_modules/[4m@vitest[24m/runner/dist/index.js:145:11
    at [90mfile:///F:/edu-ai-platform-web/frontend/[39mnode_modules/[4m@vitest[24m/runner/dist/index.js:915:26
    at [90mfile:///F:/edu-ai-platform-web/frontend/[39mnode_modules/[4m@vitest[24m/runner/dist/index.js:1243:20
    at new Promise (<anonymous>)
    at runWithTimeout [90m(file:///F:/edu-ai-platform-web/frontend/[39mnode_modules/[4m@vitest[24m/runner/dist/index.js:1209:10[90
m)[39m
    at [90mfile:///F:/edu-ai-platform-web/frontend/[39mnode_modules/[4m@vitest[24m/runner/dist/index.js:1653:37
    at Traces.$ [90m(file:///F:/edu-ai-platform-web/frontend/[39mnode_modules/[4mvitest[24m/dist/chunks/traces.CCmnQaNT.js:142:27[
90m)[39m
    at trace [90m(file:///F:/edu-ai-platform-web/frontend/[39mnode_modules/[4mvitest[24m/dist/chunks/test.B8ej_ZHS.js:239:21[90m)
[39m
    at runTest [90m(file:///F:/edu-ai-platform-web/frontend/[39mnode_modules/[4m@vitest[24m/runner/dist/index.js:1653:12[90m)[39m

[90mstderr[2m | src/utils/__tests__/harmonyos-camera.property.test.ts[2m > [22m[2mProperty 60: 楦胯挋鐩告満API闆嗘垚[2m > [22m[2m缁勫悎寮忓嚱鏁
?[2m > [22m[2muploadPhoto搴旇繑鍥濸romise
[22m[39m鍥剧墖涓婁紶澶辫触: TypeError: Cannot read properties of undefined (reading 'ok')
    at uploadCameraImage (F:/edu-ai-platform-web/frontend/src/utils/harmonyos-camera.ts:276:19)
[90m    at processTicksAndRejections (node:internal/process/task_queues:105:5)[39m
    at Object.uploadPhoto (F:/edu-ai-platform-web/frontend/src/utils/harmonyos-camera.ts:307:12)

 [32m鉁?[39m src/views/teacher/__tests__/assignments.property.test.ts [2m([22m[2m5 tests[22m[2m)[22m[33m 446[2mms[22m[39m
 [32m鉁?[39m src/utils/__tests__/harmonyos-camera.property.test.ts [2m([22m[2m14 tests[22m[2m)[22m[33m 339[2mms[22m[39m
 [32m鉁?[39m src/views/teacher/__tests__/analytics.property.test.ts [2m([22m[2m6 tests[22m[2m)[22m[33m 536[2mms[22m[39m
 [32m鉁?[39m src/utils/__tests__/harmonyos-adaptation.property.test.ts [2m([22m[2m13 tests[22m[2m)[22m[32m 203[2mms[22m[39m
 [32m鉁?[39m src/views/parent/__tests__/monitor.property.test.ts [2m([22m[2m7 tests[22m[2m)[22m[33m 1191[2mms[22m[39m
     [33m[2m鉁?[22m[39m 瀛︽儏鎶ュ憡搴斿寘鍚杽寮辩煡璇嗙偣鏁版嵁 [33m 350[2mms[22m[39m
 [32m鉁?[39m src/views/student/__tests__/result-detail.property.test.ts [2m([22m[2m7 tests[22m[2m)[22m[33m 1281[2mms[22m[39m
     [33m[2m鉁?[22m[39m 鎵规敼缁撴灉搴斿寘鍚€诲垎鍜屾渶澶у垎鏁?[33m 440[2mms[22m[39m
[90mstderr[2m | src/utils/__tests__/harmonyos-push.property.test.ts[2m > [22m[2mProperty 61: 楦胯挋鎺ㄩ€佹湇鍔￠泦鎴?[2m > [22m[2m缁勫悎寮忓嚱鏁?[
2m > [22m[2m鎵€鏈夋柟娉曞簲杩斿洖Promise
[22m[39m鍙栨秷璁㈤槄澶辫触: TypeError: Cannot read properties of undefined (reading 'pushManager')
    at unsubscribePush (F:/edu-ai-platform-web/frontend/src/utils/harmonyos-push.ts:304:45)
[90m    at processTicksAndRejections (node:internal/process/task_queues:105:5)[39m
    at Object.unsubscribe (F:/edu-ai-platform-web/frontend/src/utils/harmonyos-push.ts:403:12)
鑾峰彇璁㈤槄鐘舵€佸け璐? TypeError: Cannot read properties of undefined (reading 'pushManager')
    at getPushSubscription (F:/edu-ai-platform-web/frontend/src/utils/harmonyos-push.ts:347:45)
[90m    at processTicksAndRejections (node:internal/process/task_queues:105:5)[39m
    at Object.getSubscription (F:/edu-ai-platform-web/frontend/src/utils/harmonyos-push.ts:407:12)
Web Push鍒濆鍖栧け璐? TypeError: navigator.serviceWorker.register is not a function
    at initWebPush (F:/edu-ai-platform-web/frontend/src/utils/harmonyos-push.ts:151:56)
    at initHarmonyOSPush (F:/edu-ai-platform-web/frontend/src/utils/harmonyos-push.ts:97:18)
[90m    at processTicksAndRejections (node:internal/process/task_queues:105:5)[39m
    at Object.init (F:/edu-ai-platform-web/frontend/src/utils/harmonyos-push.ts:395:12)

[90mstderr[2m | src/utils/__tests__/harmonyos-push.property.test.ts[2m > [22m[2mProperty 61: 楦胯挋鎺ㄩ€佹湇鍔￠泦鎴?[2m > [22m[2m閿欒澶勭悊[2
m > [22m[2m涓嶆敮鎸佹帹閫佹椂搴旇繑鍥為敊璇?[22m[39m鍙戦€侀€氱煡澶辫触: TypeError: Cannot read properties of undefined (reading 'permission')
    at sendLocalNotification (F:/edu-ai-platform-web/frontend/src/utils/harmonyos-push.ts:203:37)
    at F:/edu-ai-platform-web/frontend/src/utils/__tests__/harmonyos-push.property.test.ts:314:28
    at [90mfile:///F:/edu-ai-platform-web/frontend/[39mnode_modules/[4m@vitest[24m/runner/dist/index.js:145:11
    at [90mfile:///F:/edu-ai-platform-web/frontend/[39mnode_modules/[4m@vitest[24m/runner/dist/index.js:915:26
    at [90mfile:///F:/edu-ai-platform-web/frontend/[39mnode_modules/[4m@vitest[24m/runner/dist/index.js:1243:20
    at new Promise (<anonymous>)
    at runWithTimeout [90m(file:///F:/edu-ai-platform-web/frontend/[39mnode_modules/[4m@vitest[24m/runner/dist/index.js:1209:10[90
m)[39m
    at [90mfile:///F:/edu-ai-platform-web/frontend/[39mnode_modules/[4m@vitest[24m/runner/dist/index.js:1653:37
    at Traces.$ [90m(file:///F:/edu-ai-platform-web/frontend/[39mnode_modules/[4mvitest[24m/dist/chunks/traces.CCmnQaNT.js:142:27[
90m)[39m
    at trace [90m(file:///F:/edu-ai-platform-web/frontend/[39mnode_modules/[4mvitest[24m/dist/chunks/test.B8ej_ZHS.js:239:21[90m)
[39m

 [32m鉁?[39m src/utils/__tests__/harmonyos-push.property.test.ts [2m([22m[2m15 tests[22m[2m)[22m[33m 1769[2mms[22m[39m
       [33m[2m鉁?[22m[39m 搴旀帴鍙楁湁鏁堢殑閫氱煡閰嶇疆 [33m 1708[2mms[22m[39m
 [32m鉁?[39m src/views/parent/__tests__/weak-points.property.test.ts [2m([22m[2m7 tests[22m[2m)[22m[33m 639[2mms[22m[39m
[90mstdout[2m | src/utils/__tests__/offline-mode.test.ts[2m > [22m[2m绂荤嚎妯″紡鍔熻兘娴嬭瘯[2m > [22m[2m灞炴€?2锛氱绾挎ā寮忚嚜鍔ㄥ垏鎹?[2m > [22m[2m缃戠粶鐘舵€佸彉鍖栨椂搴旇嚜鍔ㄥ垏鎹㈢绾挎ā寮?[22m[39m[IndexedDB] 鏁版嵁搴撳垵濮嬪寲鎴愬姛

[90mstdout[2m | src/utils/__tests__/offline-mode.test.ts[2m > [22m[2m绂荤嚎妯″紡鍔熻兘娴嬭瘯[2m > [22m[2m灞炴€?2锛氱绾挎ā寮忚嚜鍔ㄥ垏鎹?[2m > [22m[2m缃戠粶鐘舵€佸彉鍖栨椂搴旇嚜鍔ㄥ垏鎹㈢绾挎ā寮?[22m[39m[IndexedDB] 瀵硅薄瀛樺偍鍒涘缓鎴愬姛

[90mstdout[2m | src/utils/__tests__/offline-mode.test.ts[2m > [22m[2m绂荤嚎妯″紡鍔熻兘娴嬭瘯[2m > [22m[2m灞炴€?2锛氱绾挎ā寮忚嚜鍔ㄥ垏鎹?[2m > [22m[2m缃戠粶鐘舵€佸彉鍖栨椂搴旇嚜鍔ㄥ垏鎹㈢绾挎ā寮?[22m[39m[缃戠粶鐩戝惉] 宸插垵濮嬪寲锛屽綋鍓嶇姸鎬? online

[90mstdout[2m | src/utils/__tests__/offline-mode.test.ts[2m > [22m[2m绂荤嚎妯″紡鍔熻兘娴嬭瘯[2m > [22m[2m灞炴€?2锛氱绾挎ā寮忚嚜鍔ㄥ垏鎹?[2m > [22m[2m缃戠粶鐘舵€佸彉鍖栨椂搴旇嚜鍔ㄥ垏鎹㈢绾挎ā寮?[22m[39m[缃戠粶鐩戝惉] 缃戠粶鐘舵€佸凡鎵嬪姩璁剧疆: offline
[缃戠粶鐩戝惉] 缃戠粶鐘舵€佸凡鎵嬪姩璁剧疆: slow

[90mstdout[2m | src/utils/__tests__/offline-mode.test.ts[2m > [22m[2m绂荤嚎妯″紡鍔熻兘娴嬭瘯[2m > [22m[2m灞炴€?2锛氱绾挎ā寮忚嚜鍔ㄥ垏鎹?[2m > [22m[2m缃戠粶鐘舵€佸彉鍖栨椂搴旇嚜鍔ㄥ垏鎹㈢绾挎ā寮?[22m[39m[IndexedDB] 鎵€鏈夌紦瀛樺凡娓呯┖

[90mstdout[2m | src/utils/__tests__/offline-mode.test.ts[2m > [22m[2m绂荤嚎妯″紡鍔熻兘娴嬭瘯[2m > [22m[2m灞炴€?2锛氱绾挎ā寮忚嚜鍔ㄥ垏鎹?[2m > [22m[2m缃戠粶鐘舵€佸彉鍖栨椂搴旇嚜鍔ㄥ垏鎹㈢绾挎ā寮?[22m[39m[IndexedDB] 鏁版嵁鍒犻櫎鎴愬姛: offline_edit_queue

[90mstdout[2m | src/utils/__tests__/offline-mode.test.ts[2m > [22m[2m绂荤嚎妯″紡鍔熻兘娴嬭瘯[2m > [22m[2m灞炴€?2锛氱绾挎ā寮忚嚜鍔ㄥ垏鎹?[2m > [22m[2m缃戠粶鐘舵€佸彉鍖栨椂搴旇嚜鍔ㄥ垏鎹㈢绾挎ā寮?[22m[39m[绂荤嚎闃熷垪] 宸叉竻绌?
[90mstdout[2m | src/utils/__tests__/offline-mode.test.ts[2m > [22m[2m绂荤嚎妯″紡鍔熻兘娴嬭瘯[2m > [22m[2m灞炴€?2锛氱绾挎ā寮忚嚜鍔ㄥ垏鎹?[2m > [22m[2m缃戠粶鐘舵€佸彉鍖栨椂搴旇嚜鍔ㄥ垏鎹㈢绾挎ā寮?[22m[39m[缃戠粶鐩戝惉] 宸叉竻鐞?
[90mstdout[2m | src/utils/__tests__/offline-mode.test.ts[2m > [22m[2m绂荤嚎妯″紡鍔熻兘娴嬭瘯[2m > [22m[2m灞炴€?2锛氱绾挎ā寮忚嚜鍔ㄥ垏鎹?[2m > [22m[2m绂荤嚎妯″紡涓嬪簲绂佺敤闇€瑕佺綉缁滅殑鍔熻兘
[22m[39m[IndexedDB] 鏁版嵁搴撳垵濮嬪寲鎴愬姛

[90mstdout[2m | src/utils/__tests__/offline-mode.test.ts[2m > [22m[2m绂荤嚎妯″紡鍔熻兘娴嬭瘯[2m > [22m[2m灞炴€?2锛氱绾挎ā寮忚嚜鍔ㄥ垏鎹?[2m > [22m[2m绂荤嚎妯″紡涓嬪簲绂佺敤闇€瑕佺綉缁滅殑鍔熻兘
[22m[39m[IndexedDB] 瀵硅薄瀛樺偍鍒涘缓鎴愬姛

[90mstdout[2m | src/utils/__tests__/offline-mode.test.ts[2m > [22m[2m绂荤嚎妯″紡鍔熻兘娴嬭瘯[2m > [22m[2m灞炴€?2锛氱绾挎ā寮忚嚜鍔ㄥ垏鎹?[2m > [22m[2m绂荤嚎妯″紡涓嬪簲绂佺敤闇€瑕佺綉缁滅殑鍔熻兘
[22m[39m[缃戠粶鐩戝惉] 宸插垵濮嬪寲锛屽綋鍓嶇姸鎬? online

[90mstdout[2m | src/utils/__tests__/offline-mode.test.ts[2m > [22m[2m绂荤嚎妯″紡鍔熻兘娴嬭瘯[2m > [22m[2m灞炴€?2锛氱绾挎ā寮忚嚜鍔ㄥ垏鎹?[2m > [22m[2m绂荤嚎妯″紡涓嬪簲绂佺敤闇€瑕佺綉缁滅殑鍔熻兘
[22m[39m[缃戠粶鐩戝惉] 缃戠粶鐘舵€佸凡鎵嬪姩璁剧疆: offline
[缃戠粶鐩戝惉] 缃戠粶鐘舵€佸凡鎵嬪姩璁剧疆: slow

[90mstdout[2m | src/utils/__tests__/offline-mode.test.ts[2m > [22m[2m绂荤嚎妯″紡鍔熻兘娴嬭瘯[2m > [22m[2m灞炴€?2锛氱绾挎ā寮忚嚜鍔ㄥ垏鎹?[2m > [22m[2m绂荤嚎妯″紡涓嬪簲绂佺敤闇€瑕佺綉缁滅殑鍔熻兘
[22m[39m[IndexedDB] 鎵€鏈夌紦瀛樺凡娓呯┖

[90mstdout[2m | src/utils/__tests__/offline-mode.test.ts[2m > [22m[2m绂荤嚎妯″紡鍔熻兘娴嬭瘯[2m > [22m[2m灞炴€?2锛氱绾挎ā寮忚嚜鍔ㄥ垏鎹?[2m > [22m[2m绂荤嚎妯″紡涓嬪簲绂佺敤闇€瑕佺綉缁滅殑鍔熻兘
[22m[39m[IndexedDB] 鏁版嵁鍒犻櫎鎴愬姛: offline_edit_queue

[90mstdout[2m | src/utils/__tests__/offline-mode.test.ts[2m > [22m[2m绂荤嚎妯″紡鍔熻兘娴嬭瘯[2m > [22m[2m灞炴€?2锛氱绾挎ā寮忚嚜鍔ㄥ垏鎹?[2m > [22m[2m绂荤嚎妯″紡涓嬪簲绂佺敤闇€瑕佺綉缁滅殑鍔熻兘
[22m[39m[绂荤嚎闃熷垪] 宸叉竻绌?
[90mstdout[2m | src/utils/__tests__/offline-mode.test.ts[2m > [22m[2m绂荤嚎妯″紡鍔熻兘娴嬭瘯[2m > [22m[2m灞炴€?2锛氱绾挎ā寮忚嚜鍔ㄥ垏鎹?[2m > [22m[2m绂荤嚎妯″紡涓嬪簲绂佺敤闇€瑕佺綉缁滅殑鍔熻兘
[22m[39m[缃戠粶鐩戝惉] 宸叉竻鐞?
[90mstdout[2m | src/utils/__tests__/offline-mode.test.ts[2m > [22m[2m绂荤嚎妯″紡鍔熻兘娴嬭瘯[2m > [22m[2m灞炴€?2锛氱绾挎ā寮忚嚜鍔ㄥ垏鎹?[2m > [22m[2m缃戠粶鎭㈠鏃跺簲鑷姩瑙﹀彂鍚屾
[22m[39m[IndexedDB] 鏁版嵁搴撳垵濮嬪寲鎴愬姛

[90mstdout[2m | src/utils/__tests__/offline-mode.test.ts[2m > [22m[2m绂荤嚎妯″紡鍔熻兘娴嬭瘯[2m > [22m[2m灞炴€?2锛氱绾挎ā寮忚嚜鍔ㄥ垏鎹?[2m > [22m[2m缃戠粶鎭㈠鏃跺簲鑷姩瑙﹀彂鍚屾
[22m[39m[IndexedDB] 瀵硅薄瀛樺偍鍒涘缓鎴愬姛

[90mstdout[2m | src/utils/__tests__/offline-mode.test.ts[2m > [22m[2m绂荤嚎妯″紡鍔熻兘娴嬭瘯[2m > [22m[2m灞炴€?2锛氱绾挎ā寮忚嚜鍔ㄥ垏鎹?[2m > [22m[2m缃戠粶鎭㈠鏃跺簲鑷姩瑙﹀彂鍚屾
[22m[39m[缃戠粶鐩戝惉] 宸插垵濮嬪寲锛屽綋鍓嶇姸鎬? online

[90mstdout[2m | src/utils/__tests__/offline-mode.test.ts[2m > [22m[2m绂荤嚎妯″紡鍔熻兘娴嬭瘯[2m > [22m[2m灞炴€?2锛氱绾挎ā寮忚嚜鍔ㄥ垏鎹?[2m > [22m[2m缃戠粶鎭㈠鏃跺簲鑷姩瑙﹀彂鍚屾
[22m[39m[IndexedDB] 鏁版嵁淇濆瓨鎴愬姛: offline_edit_queue

[90mstdout[2m | src/utils/__tests__/offline-mode.test.ts[2m > [22m[2m绂荤嚎妯″紡鍔熻兘娴嬭瘯[2m > [22m[2m灞炴€?2锛氱绾挎ā寮忚嚜鍔ㄥ垏鎹?[2m > [22m[2m缃戠粶鎭㈠鏃跺簲鑷姩瑙﹀彂鍚屾
[22m[39m[绂荤嚎闃熷垪] 宸叉坊鍔犳搷浣? create test/item_1

[90mstdout[2m | src/utils/__tests__/offline-mode.test.ts[2m > [22m[2m绂荤嚎妯″紡鍔熻兘娴嬭瘯[2m > [22m[2m灞炴€?2锛氱绾挎ā寮忚嚜鍔ㄥ垏鎹?[2m > [22m[2m缃戠粶鎭㈠鏃跺簲鑷姩瑙﹀彂鍚屾
[22m[39m[IndexedDB] 鏁版嵁淇濆瓨鎴愬姛: offline_edit_queue

[90mstdout[2m | src/utils/__tests__/offline-mode.test.ts[2m > [22m[2m绂荤嚎妯″紡鍔熻兘娴嬭瘯[2m > [22m[2m灞炴€?2锛氱绾挎ā寮忚嚜鍔ㄥ垏鎹?[2m > [22m[2m缃戠粶鎭㈠鏃跺簲鑷姩瑙﹀彂鍚屾
[22m[39m[绂荤嚎闃熷垪] 宸叉坊鍔犳搷浣? create test/item_2

[90mstdout[2m | src/utils/__tests__/offline-mode.test.ts[2m > [22m[2m绂荤嚎妯″紡鍔熻兘娴嬭瘯[2m > [22m[2m灞炴€?2锛氱绾挎ā寮忚嚜鍔ㄥ垏鎹?[2m > [22m[2m缃戠粶鎭㈠鏃跺簲鑷姩瑙﹀彂鍚屾
[22m[39m[缃戠粶鐩戝惉] 缃戠粶鐘舵€佸凡鎵嬪姩璁剧疆: offline
[缃戠粶鐩戝惉] 缃戠粶鐘舵€佸凡鎵嬪姩璁剧疆: online

[90mstdout[2m | src/utils/__tests__/offline-mode.test.ts[2m > [22m[2m绂荤嚎妯″紡鍔熻兘娴嬭瘯[2m > [22m[2m灞炴€?2锛氱绾挎ā寮忚嚜鍔ㄥ垏鎹?[2m > [22m[2m缃戠粶鎭㈠鏃跺簲鑷姩瑙﹀彂鍚屾
[22m[39m[IndexedDB] 鎵€鏈夌紦瀛樺凡娓呯┖

[90mstdout[2m | src/utils/__tests__/offline-mode.test.ts[2m > [22m[2m绂荤嚎妯″紡鍔熻兘娴嬭瘯[2m > [22m[2m灞炴€?2锛氱绾挎ā寮忚嚜鍔ㄥ垏鎹?[2m > [22m[2m缃戠粶鎭㈠鏃跺簲鑷姩瑙﹀彂鍚屾
[22m[39m[IndexedDB] 鏁版嵁鍒犻櫎鎴愬姛: offline_edit_queue

[90mstdout[2m | src/utils/__tests__/offline-mode.test.ts[2m > [22m[2m绂荤嚎妯″紡鍔熻兘娴嬭瘯[2m > [22m[2m灞炴€?2锛氱绾挎ā寮忚嚜鍔ㄥ垏鎹?[2m > [22m[2m缃戠粶鎭㈠鏃跺簲鑷姩瑙﹀彂鍚屾
[22m[39m[绂荤嚎闃熷垪] 宸叉竻绌?
[90mstdout[2m | src/utils/__tests__/offline-mode.test.ts[2m > [22m[2m绂荤嚎妯″紡鍔熻兘娴嬭瘯[2m > [22m[2m灞炴€?2锛氱绾挎ā寮忚嚜鍔ㄥ垏鎹?[2m > [22m[2m缃戠粶鎭㈠鏃跺簲鑷姩瑙﹀彂鍚屾
[22m[39m[缃戠粶鐩戝惉] 宸叉竻鐞?
[90mstdout[2m | src/utils/__tests__/offline-mode.test.ts[2m > [22m[2m绂荤嚎妯″紡鍔熻兘娴嬭瘯[2m > [22m[2m灞炴€?3锛氱紦瀛樻暟鎹姞瀵嗗畨鍏ㄦ€?[2m > [22m[2m缂撳瓨鐨勬晱鎰熸暟鎹簲姝ｇ‘瀛樺偍鍜屾绱?[22m[39m[IndexedDB] 鏁版嵁搴撳垵濮嬪寲鎴愬姛

[90mstdout[2m | src/utils/__tests__/offline-mode.test.ts[2m > [22m[2m绂荤嚎妯″紡鍔熻兘娴嬭瘯[2m > [22m[2m灞炴€?3锛氱紦瀛樻暟鎹姞瀵嗗畨鍏ㄦ€?[2m > [22m[2m缂撳瓨鐨勬晱鎰熸暟鎹簲姝ｇ‘瀛樺偍鍜屾绱?[22m[39m[IndexedDB] 瀵硅薄瀛樺偍鍒涘缓鎴愬姛

[90mstdout[2m | src/utils/__tests__/offline-mode.test.ts[2m > [22m[2m绂荤嚎妯″紡鍔熻兘娴嬭瘯[2m > [22m[2m灞炴€?3锛氱紦瀛樻暟鎹姞瀵嗗畨鍏ㄦ€?[2m > [22m[2m缂撳瓨鐨勬晱鎰熸暟鎹簲姝ｇ‘瀛樺偍鍜屾绱?[22m[39m[缃戠粶鐩戝惉] 宸插垵濮嬪寲锛屽綋鍓嶇姸鎬? online

[90mstdout[2m | src/utils/__tests__/offline-mode.test.ts[2m > [22m[2m绂荤嚎妯″紡鍔熻兘娴嬭瘯[2m > [22m[2m灞炴€?3锛氱紦瀛樻暟鎹姞瀵嗗畨鍏ㄦ€?[2m > [22m[2m缂撳瓨鐨勬晱鎰熸暟鎹簲姝ｇ‘瀛樺偍鍜屾绱?[22m[39m[IndexedDB] 鏁版嵁淇濆瓨鎴愬姛: test_1

[90mstdout[2m | src/utils/__tests__/offline-mode.test.ts[2m > [22m[2m绂荤嚎妯″紡鍔熻兘娴嬭瘯[2m > [22m[2m灞炴€?3锛氱紦瀛樻暟鎹姞瀵嗗畨鍏ㄦ€?[2m > [22m[2m缂撳瓨鐨勬晱鎰熸暟鎹簲姝ｇ‘瀛樺偍鍜屾绱?[22m[39m[IndexedDB] 鏁版嵁璇诲彇鎴愬姛: test_1

[90mstdout[2m | src/utils/__tests__/offline-mode.test.ts[2m > [22m[2m绂荤嚎妯″紡鍔熻兘娴嬭瘯[2m > [22m[2m灞炴€?3锛氱紦瀛樻暟鎹姞瀵嗗畨鍏ㄦ€?[2m > [22m[2m缂撳瓨鐨勬晱鎰熸暟鎹簲姝ｇ‘瀛樺偍鍜屾绱?[22m[39m[IndexedDB] 鏁版嵁鍒犻櫎鎴愬姛: test_1

[90mstdout[2m | src/utils/__tests__/offline-mode.test.ts[2m > [22m[2m绂荤嚎妯″紡鍔熻兘娴嬭瘯[2m > [22m[2m灞炴€?3锛氱紦瀛樻暟鎹姞瀵嗗畨鍏ㄦ€?[2m > [22m[2m缂撳瓨鐨勬晱鎰熸暟鎹簲姝ｇ‘瀛樺偍鍜屾绱?[22m[39m[IndexedDB] 鏁版嵁淇濆瓨鎴愬姛: test_2

[90mstdout[2m | src/utils/__tests__/offline-mode.test.ts[2m > [22m[2m绂荤嚎妯″紡鍔熻兘娴嬭瘯[2m > [22m[2m灞炴€?3锛氱紦瀛樻暟鎹姞瀵嗗畨鍏ㄦ€?[2m > [22m[2m缂撳瓨鐨勬晱鎰熸暟鎹簲姝ｇ‘瀛樺偍鍜屾绱?[22m[39m[IndexedDB] 鏁版嵁璇诲彇鎴愬姛: test_2

[90mstdout[2m | src/utils/__tests__/offline-mode.test.ts[2m > [22m[2m绂荤嚎妯″紡鍔熻兘娴嬭瘯[2m > [22m[2m灞炴€?3锛氱紦瀛樻暟鎹姞瀵嗗畨鍏ㄦ€?[2m > [22m[2m缂撳瓨鐨勬晱鎰熸暟鎹簲姝ｇ‘瀛樺偍鍜屾绱?[22m[39m[IndexedDB] 鏁版嵁鍒犻櫎鎴愬姛: test_2

[90mstdout[2m | src/utils/__tests__/offline-mode.test.ts[2m > [22m[2m绂荤嚎妯″紡鍔熻兘娴嬭瘯[2m > [22m[2m灞炴€?3锛氱紦瀛樻暟鎹姞瀵嗗畨鍏ㄦ€?[2m > [22m[2m缂撳瓨鐨勬晱鎰熸暟鎹簲姝ｇ‘瀛樺偍鍜屾绱?[22m[39m[IndexedDB] 鏁版嵁淇濆瓨鎴愬姛: test_3

[90mstdout[2m | src/utils/__tests__/offline-mode.test.ts[2m > [22m[2m绂荤嚎妯″紡鍔熻兘娴嬭瘯[2m > [22m[2m灞炴€?3锛氱紦瀛樻暟鎹姞瀵嗗畨鍏ㄦ€?[2m > [22m[2m缂撳瓨鐨勬晱鎰熸暟鎹簲姝ｇ‘瀛樺偍鍜屾绱?[22m[39m[IndexedDB] 鏁版嵁璇诲彇鎴愬姛: test_3

[90mstdout[2m | src/utils/__tests__/offline-mode.test.ts[2m > [22m[2m绂荤嚎妯″紡鍔熻兘娴嬭瘯[2m > [22m[2m灞炴€?3锛氱紦瀛樻暟鎹姞瀵嗗畨鍏ㄦ€?[2m > [22m[2m缂撳瓨鐨勬晱鎰熸暟鎹簲姝ｇ‘瀛樺偍鍜屾绱?[22m[39m[IndexedDB] 鏁版嵁鍒犻櫎鎴愬姛: test_3

[90mstdout[2m | src/utils/__tests__/offline-mode.test.ts[2m > [22m[2m绂荤嚎妯″紡鍔熻兘娴嬭瘯[2m > [22m[2m灞炴€?3锛氱紦瀛樻暟鎹姞瀵嗗畨鍏ㄦ€?[2m > [22m[2m缂撳瓨鐨勬晱鎰熸暟鎹簲姝ｇ‘瀛樺偍鍜屾绱?[22m[39m[IndexedDB] 鎵€鏈夌紦瀛樺凡娓呯┖

[90mstdout[2m | src/utils/__tests__/offline-mode.test.ts[2m > [22m[2m绂荤嚎妯″紡鍔熻兘娴嬭瘯[2m > [22m[2m灞炴€?3锛氱紦瀛樻暟鎹姞瀵嗗畨鍏ㄦ€?[2m > [22m[2m缂撳瓨鐨勬晱鎰熸暟鎹簲姝ｇ‘瀛樺偍鍜屾绱?[22m[39m[IndexedDB] 鏁版嵁鍒犻櫎鎴愬姛: offline_edit_queue

[90mstdout[2m | src/utils/__tests__/offline-mode.test.ts[2m > [22m[2m绂荤嚎妯″紡鍔熻兘娴嬭瘯[2m > [22m[2m灞炴€?3锛氱紦瀛樻暟鎹姞瀵嗗畨鍏ㄦ€?[2m > [22m[2m缂撳瓨鐨勬晱鎰熸暟鎹簲姝ｇ‘瀛樺偍鍜屾绱?[22m[39m[绂荤嚎闃熷垪] 宸叉竻绌?
[90mstdout[2m | src/utils/__tests__/offline-mode.test.ts[2m > [22m[2m绂荤嚎妯″紡鍔熻兘娴嬭瘯[2m > [22m[2m灞炴€?3锛氱紦瀛樻暟鎹姞瀵嗗畨鍏ㄦ€?[2m > [22m[2m缂撳瓨鐨勬晱鎰熸暟鎹簲姝ｇ‘瀛樺偍鍜屾绱?[22m[39m[缃戠粶鐩戝惉] 宸叉竻鐞?
[90mstdout[2m | src/utils/__tests__/offline-mode.test.ts[2m > [22m[2m绂荤嚎妯″紡鍔熻兘娴嬭瘯[2m > [22m[2m灞炴€?3锛氱紦瀛樻暟鎹姞瀵嗗畨鍏ㄦ€?[2m > [22m[2m鍔犲瘑鏍囪搴旀纭繚瀛?[22m[39m[IndexedDB] 鏁版嵁搴撳垵濮嬪寲鎴愬姛

[90mstdout[2m | src/utils/__tests__/offline-mode.test.ts[2m > [22m[2m绂荤嚎妯″紡鍔熻兘娴嬭瘯[2m > [22m[2m灞炴€?3锛氱紦瀛樻暟鎹姞瀵嗗畨鍏ㄦ€?[2m > [22m[2m鍔犲瘑鏍囪搴旀纭繚瀛?[22m[39m[IndexedDB] 瀵硅薄瀛樺偍鍒涘缓鎴愬姛

[90mstdout[2m | src/utils/__tests__/offline-mode.test.ts[2m > [22m[2m绂荤嚎妯″紡鍔熻兘娴嬭瘯[2m > [22m[2m灞炴€?3锛氱紦瀛樻暟鎹姞瀵嗗畨鍏ㄦ€?[2m > [22m[2m鍔犲瘑鏍囪搴旀纭繚瀛?[22m[39m[缃戠粶鐩戝惉] 宸插垵濮嬪寲锛屽綋鍓嶇姸鎬? online

[90mstdout[2m | src/utils/__tests__/offline-mode.test.ts[2m > [22m[2m绂荤嚎妯″紡鍔熻兘娴嬭瘯[2m > [22m[2m灞炴€?3锛氱紦瀛樻暟鎹姞瀵嗗畨鍏ㄦ€?[2m > [22m[2m鍔犲瘑鏍囪搴旀纭繚瀛?[22m[39m[IndexedDB] 鏁版嵁淇濆瓨鎴愬姛: encrypted_1768526114308

[90mstdout[2m | src/utils/__tests__/offline-mode.test.ts[2m > [22m[2m绂荤嚎妯″紡鍔熻兘娴嬭瘯[2m > [22m[2m灞炴€?3锛氱紦瀛樻暟鎹姞瀵嗗畨鍏ㄦ€?[2m > [22m[2m鍔犲瘑鏍囪搴旀纭繚瀛?[22m[39m[IndexedDB] 鏁版嵁淇濆瓨鎴愬姛: unencrypted_1768526114308

[90mstdout[2m | src/utils/__tests__/offline-mode.test.ts[2m > [22m[2m绂荤嚎妯″紡鍔熻兘娴嬭瘯[2m > [22m[2m灞炴€?3锛氱紦瀛樻暟鎹姞瀵嗗畨鍏ㄦ€?[2m > [22m[2m鍔犲瘑鏍囪搴旀纭繚瀛?[22m[39m[IndexedDB] 鏁版嵁璇诲彇鎴愬姛: encrypted_1768526114308

[90mstdout[2m | src/utils/__tests__/offline-mode.test.ts[2m > [22m[2m绂荤嚎妯″紡鍔熻兘娴嬭瘯[2m > [22m[2m灞炴€?3锛氱紦瀛樻暟鎹姞瀵嗗畨鍏ㄦ€?[2m > [22m[2m鍔犲瘑鏍囪搴旀纭繚瀛?[22m[39m[IndexedDB] 鏁版嵁璇诲彇鎴愬姛: unencrypted_1768526114308

[90mstdout[2m | src/utils/__tests__/offline-mode.test.ts[2m > [22m[2m绂荤嚎妯″紡鍔熻兘娴嬭瘯[2m > [22m[2m灞炴€?3锛氱紦瀛樻暟鎹姞瀵嗗畨鍏ㄦ€?[2m > [22m[2m鍔犲瘑鏍囪搴旀纭繚瀛?[22m[39m[IndexedDB] 鏁版嵁鍒犻櫎鎴愬姛: encrypted_1768526114308

[90mstdout[2m | src/utils/__tests__/offline-mode.test.ts[2m > [22m[2m绂荤嚎妯″紡鍔熻兘娴嬭瘯[2m > [22m[2m灞炴€?3锛氱紦瀛樻暟鎹姞瀵嗗畨鍏ㄦ€?[2m > [22m[2m鍔犲瘑鏍囪搴旀纭繚瀛?[22m[39m[IndexedDB] 鏁版嵁鍒犻櫎鎴愬姛: unencrypted_1768526114308

[90mstdout[2m | src/utils/__tests__/offline-mode.test.ts[2m > [22m[2m绂荤嚎妯″紡鍔熻兘娴嬭瘯[2m > [22m[2m灞炴€?3锛氱紦瀛樻暟鎹姞瀵嗗畨鍏ㄦ€?[2m > [22m[2m鍔犲瘑鏍囪搴旀纭繚瀛?[22m[39m[IndexedDB] 鎵€鏈夌紦瀛樺凡娓呯┖

[90mstdout[2m | src/utils/__tests__/offline-mode.test.ts[2m > [22m[2m绂荤嚎妯″紡鍔熻兘娴嬭瘯[2m > [22m[2m灞炴€?3锛氱紦瀛樻暟鎹姞瀵嗗畨鍏ㄦ€?[2m > [22m[2m鍔犲瘑鏍囪搴旀纭繚瀛?[22m[39m[IndexedDB] 鏁版嵁鍒犻櫎鎴愬姛: offline_edit_queue

[90mstdout[2m | src/utils/__tests__/offline-mode.test.ts[2m > [22m[2m绂荤嚎妯″紡鍔熻兘娴嬭瘯[2m > [22m[2m灞炴€?3锛氱紦瀛樻暟鎹姞瀵嗗畨鍏ㄦ€?[2m > [22m[2m鍔犲瘑鏍囪搴旀纭繚瀛?[22m[39m[绂荤嚎闃熷垪] 宸叉竻绌?
[90mstdout[2m | src/utils/__tests__/offline-mode.test.ts[2m > [22m[2m绂荤嚎妯″紡鍔熻兘娴嬭瘯[2m > [22m[2m灞炴€?3锛氱紦瀛樻暟鎹姞瀵嗗畨鍏ㄦ€?[2m > [22m[2m鍔犲瘑鏍囪搴旀纭繚瀛?[22m[39m[缃戠粶鐩戝惉] 宸叉竻鐞?
[90mstdout[2m | src/utils/__tests__/offline-mode.test.ts[2m > [22m[2m绂荤嚎妯″紡鍔熻兘娴嬭瘯[2m > [22m[2m灞炴€?3锛氱紦瀛樻暟鎹姞瀵嗗畨鍏ㄦ€?[2m > [22m[2m缂撳瓨鏁版嵁搴旀敮鎸佽繃鏈熸椂闂磋缃?[22m[39m[IndexedDB] 鏁版嵁搴撳垵濮嬪寲鎴愬姛

[90mstdout[2m | src/utils/__tests__/offline-mode.test.ts[2m > [22m[2m绂荤嚎妯″紡鍔熻兘娴嬭瘯[2m > [22m[2m灞炴€?3锛氱紦瀛樻暟鎹姞瀵嗗畨鍏ㄦ€?[2m > [22m[2m缂撳瓨鏁版嵁搴旀敮鎸佽繃鏈熸椂闂磋缃?[22m[39m[IndexedDB] 瀵硅薄瀛樺偍鍒涘缓鎴愬姛

[90mstdout[2m | src/utils/__tests__/offline-mode.test.ts[2m > [22m[2m绂荤嚎妯″紡鍔熻兘娴嬭瘯[2m > [22m[2m灞炴€?3锛氱紦瀛樻暟鎹姞瀵嗗畨鍏ㄦ€?[2m > [22m[2m缂撳瓨鏁版嵁搴旀敮鎸佽繃鏈熸椂闂磋缃?[22m[39m[缃戠粶鐩戝惉] 宸插垵濮嬪寲锛屽綋鍓嶇姸鎬? online

[90mstdout[2m | src/utils/__tests__/offline-mode.test.ts[2m > [22m[2m绂荤嚎妯″紡鍔熻兘娴嬭瘯[2m > [22m[2m灞炴€?3锛氱紦瀛樻暟鎹姞瀵嗗畨鍏ㄦ€?[2m > [22m[2m缂撳瓨鏁版嵁搴旀敮鎸佽繃鏈熸椂闂磋缃?[22m[39m[IndexedDB] 鏁版嵁淇濆瓨鎴愬姛: expiring_1768526114449

[90mstdout[2m | src/utils/__tests__/offline-mode.test.ts[2m > [22m[2m绂荤嚎妯″紡鍔熻兘娴嬭瘯[2m > [22m[2m灞炴€?3锛氱紦瀛樻暟鎹姞瀵嗗畨鍏ㄦ€?[2m > [22m[2m缂撳瓨鏁版嵁搴旀敮鎸佽繃鏈熸椂闂磋缃?[22m[39m[IndexedDB] 鏁版嵁璇诲彇鎴愬姛: expiring_1768526114449

[90mstdout[2m | src/utils/__tests__/offline-mode.test.ts[2m > [22m[2m绂荤嚎妯″紡鍔熻兘娴嬭瘯[2m > [22m[2m灞炴€?3锛氱紦瀛樻暟鎹姞瀵嗗畨鍏ㄦ€?[2m > [22m[2m缂撳瓨鏁版嵁搴旀敮鎸佽繃鏈熸椂闂磋缃?[22m[39m[IndexedDB] 鏁版嵁宸茶繃鏈? expiring_1768526114449

[90mstdout[2m | src/utils/__tests__/offline-mode.test.ts[2m > [22m[2m绂荤嚎妯″紡鍔熻兘娴嬭瘯[2m > [22m[2m灞炴€?3锛氱紦瀛樻暟鎹姞瀵嗗畨鍏ㄦ€?[2m > [22m[2m缂撳瓨鏁版嵁搴旀敮鎸佽繃鏈熸椂闂磋缃?[22m[39m[IndexedDB] 鏁版嵁鍒犻櫎鎴愬姛: expiring_1768526114449

[90mstdout[2m | src/utils/__tests__/offline-mode.test.ts[2m > [22m[2m绂荤嚎妯″紡鍔熻兘娴嬭瘯[2m > [22m[2m灞炴€?3锛氱紦瀛樻暟鎹姞瀵嗗畨鍏ㄦ€?[2m > [22m[2m缂撳瓨鏁版嵁搴旀敮鎸佽繃鏈熸椂闂磋缃?[22m[39m[IndexedDB] 鎵€鏈夌紦瀛樺凡娓呯┖

[90mstdout[2m | src/utils/__tests__/offline-mode.test.ts[2m > [22m[2m绂荤嚎妯″紡鍔熻兘娴嬭瘯[2m > [22m[2m灞炴€?3锛氱紦瀛樻暟鎹姞瀵嗗畨鍏ㄦ€?[2m > [22m[2m缂撳瓨鏁版嵁搴旀敮鎸佽繃鏈熸椂闂磋缃?[22m[39m[IndexedDB] 鏁版嵁鍒犻櫎鎴愬姛: offline_edit_queue

[90mstdout[2m | src/utils/__tests__/offline-mode.test.ts[2m > [22m[2m绂荤嚎妯″紡鍔熻兘娴嬭瘯[2m > [22m[2m灞炴€?3锛氱紦瀛樻暟鎹姞瀵嗗畨鍏ㄦ€?[2m > [22m[2m缂撳瓨鏁版嵁搴旀敮鎸佽繃鏈熸椂闂磋缃?[22m[39m[绂荤嚎闃熷垪] 宸叉竻绌?
[90mstdout[2m | src/utils/__tests__/offline-mode.test.ts[2m > [22m[2m绂荤嚎妯″紡鍔熻兘娴嬭瘯[2m > [22m[2m灞炴€?3锛氱紦瀛樻暟鎹姞瀵嗗畨鍏ㄦ€?[2m > [22m[2m缂撳瓨鏁版嵁搴旀敮鎸佽繃鏈熸椂闂磋缃?[22m[39m[缃戠粶鐩戝惉] 宸叉竻鐞?
[90mstdout[2m | src/utils/__tests__/offline-mode.test.ts[2m > [22m[2m绂荤嚎妯″紡鍔熻兘娴嬭瘯[2m > [22m[2m灞炴€?4锛氬閲忓悓姝ユ暟鎹竴鑷存€?[2m > [22m[2m寰呭悓姝ラ」搴旀纭爣璁板拰杩借釜
[22m[39m[IndexedDB] 鏁版嵁搴撳垵濮嬪寲鎴愬姛

[90mstdout[2m | src/utils/__tests__/offline-mode.test.ts[2m > [22m[2m绂荤嚎妯″紡鍔熻兘娴嬭瘯[2m > [22m[2m灞炴€?4锛氬閲忓悓姝ユ暟鎹竴鑷存€?[2m > [22m[2m寰呭悓姝ラ」搴旀纭爣璁板拰杩借釜
[22m[39m[IndexedDB] 瀵硅薄瀛樺偍鍒涘缓鎴愬姛

[90mstdout[2m | src/utils/__tests__/offline-mode.test.ts[2m > [22m[2m绂荤嚎妯″紡鍔熻兘娴嬭瘯[2m > [22m[2m灞炴€?4锛氬閲忓悓姝ユ暟鎹竴鑷存€?[2m > [22m[2m寰呭悓姝ラ」搴旀纭爣璁板拰杩借釜
[22m[39m[缃戠粶鐩戝惉] 宸插垵濮嬪寲锛屽綋鍓嶇姸鎬? online

[90mstdout[2m | src/utils/__tests__/offline-mode.test.ts[2m > [22m[2m绂荤嚎妯″紡鍔熻兘娴嬭瘯[2m > [22m[2m灞炴€?4锛氬閲忓悓姝ユ暟鎹竴鑷存€?[2m > [22m[2m寰呭悓姝ラ」搴旀纭爣璁板拰杩借釜
[22m[39m[IndexedDB] 鏁版嵁淇濆瓨鎴愬姛: offline_edit_queue

[90mstdout[2m | src/utils/__tests__/offline-mode.test.ts[2m > [22m[2m绂荤嚎妯″紡鍔熻兘娴嬭瘯[2m > [22m[2m灞炴€?4锛氬閲忓悓姝ユ暟鎹竴鑷存€?[2m > [22m[2m寰呭悓姝ラ」搴旀纭爣璁板拰杩借釜
[22m[39m[绂荤嚎闃熷垪] 宸叉坊鍔犳搷浣? create test/item_0

[90mstdout[2m | src/utils/__tests__/offline-mode.test.ts[2m > [22m[2m绂荤嚎妯″紡鍔熻兘娴嬭瘯[2m > [22m[2m灞炴€?4锛氬閲忓悓姝ユ暟鎹竴鑷存€?[2m > [22m[2m寰呭悓姝ラ」搴旀纭爣璁板拰杩借釜
[22m[39m[IndexedDB] 鏁版嵁淇濆瓨鎴愬姛: offline_edit_queue

[90mstdout[2m | src/utils/__tests__/offline-mode.test.ts[2m > [22m[2m绂荤嚎妯″紡鍔熻兘娴嬭瘯[2m > [22m[2m灞炴€?4锛氬閲忓悓姝ユ暟鎹竴鑷存€?[2m > [22m[2m寰呭悓姝ラ」搴旀纭爣璁板拰杩借釜
[22m[39m[绂荤嚎闃熷垪] 宸叉坊鍔犳搷浣? create test/item_1

[90mstdout[2m | src/utils/__tests__/offline-mode.test.ts[2m > [22m[2m绂荤嚎妯″紡鍔熻兘娴嬭瘯[2m > [22m[2m灞炴€?4锛氬閲忓悓姝ユ暟鎹竴鑷存€?[2m > [22m[2m寰呭悓姝ラ」搴旀纭爣璁板拰杩借釜
[22m[39m[IndexedDB] 鏁版嵁淇濆瓨鎴愬姛: offline_edit_queue

[90mstdout[2m | src/utils/__tests__/offline-mode.test.ts[2m > [22m[2m绂荤嚎妯″紡鍔熻兘娴嬭瘯[2m > [22m[2m灞炴€?4锛氬閲忓悓姝ユ暟鎹竴鑷存€?[2m > [22m[2m寰呭悓姝ラ」搴旀纭爣璁板拰杩借釜
[22m[39m[绂荤嚎闃熷垪] 宸叉坊鍔犳搷浣? create test/item_2

[90mstdout[2m | src/utils/__tests__/offline-mode.test.ts[2m > [22m[2m绂荤嚎妯″紡鍔熻兘娴嬭瘯[2m > [22m[2m灞炴€?4锛氬閲忓悓姝ユ暟鎹竴鑷存€?[2m > [22m[2m寰呭悓姝ラ」搴旀纭爣璁板拰杩借釜
[22m[39m[IndexedDB] 鏁版嵁淇濆瓨鎴愬姛: offline_edit_queue

[90mstdout[2m | src/utils/__tests__/offline-mode.test.ts[2m > [22m[2m绂荤嚎妯″紡鍔熻兘娴嬭瘯[2m > [22m[2m灞炴€?4锛氬閲忓悓姝ユ暟鎹竴鑷存€?[2m > [22m[2m寰呭悓姝ラ」搴旀纭爣璁板拰杩借釜
[22m[39m[绂荤嚎闃熷垪] 宸叉坊鍔犳搷浣? create test/item_3

[90mstdout[2m | src/utils/__tests__/offline-mode.test.ts[2m > [22m[2m绂荤嚎妯″紡鍔熻兘娴嬭瘯[2m > [22m[2m灞炴€?4锛氬閲忓悓姝ユ暟鎹竴鑷存€?[2m > [22m[2m寰呭悓姝ラ」搴旀纭爣璁板拰杩借釜
[22m[39m[IndexedDB] 鏁版嵁淇濆瓨鎴愬姛: offline_edit_queue

[90mstdout[2m | src/utils/__tests__/offline-mode.test.ts[2m > [22m[2m绂荤嚎妯″紡鍔熻兘娴嬭瘯[2m > [22m[2m灞炴€?4锛氬閲忓悓姝ユ暟鎹竴鑷存€?[2m > [22m[2m寰呭悓姝ラ」搴旀纭爣璁板拰杩借釜
[22m[39m[绂荤嚎闃熷垪] 宸叉坊鍔犳搷浣? create test/item_4

[90mstdout[2m | src/utils/__tests__/offline-mode.test.ts[2m > [22m[2m绂荤嚎妯″紡鍔熻兘娴嬭瘯[2m > [22m[2m灞炴€?4锛氬閲忓悓姝ユ暟鎹竴鑷存€?[2m > [22m[2m寰呭悓姝ラ」搴旀纭爣璁板拰杩借釜
[22m[39m[IndexedDB] 鏁版嵁淇濆瓨鎴愬姛: offline_edit_queue

[90mstdout[2m | src/utils/__tests__/offline-mode.test.ts[2m > [22m[2m绂荤嚎妯″紡鍔熻兘娴嬭瘯[2m > [22m[2m灞炴€?4锛氬閲忓悓姝ユ暟鎹竴鑷存€?[2m > [22m[2m寰呭悓姝ラ」搴旀纭爣璁板拰杩借釜
[22m[39m[绂荤嚎闃熷垪] 宸叉爣璁颁负鍚屾: test_item_0_1768526115667_0.04611619218827112

[90mstdout[2m | src/utils/__tests__/offline-mode.test.ts[2m > [22m[2m绂荤嚎妯″紡鍔熻兘娴嬭瘯[2m > [22m[2m灞炴€?4锛氬閲忓悓姝ユ暟鎹竴鑷存€?[2m > [22m[2m寰呭悓姝ラ」搴旀纭爣璁板拰杩借釜
[22m[39m[IndexedDB] 鏁版嵁淇濆瓨鎴愬姛: offline_edit_queue

[90mstdout[2m | src/utils/__tests__/offline-mode.test.ts[2m > [22m[2m绂荤嚎妯″紡鍔熻兘娴嬭瘯[2m > [22m[2m灞炴€?4锛氬閲忓悓姝ユ暟鎹竴鑷存€?[2m > [22m[2m寰呭悓姝ラ」搴旀纭爣璁板拰杩借釜
[22m[39m[绂荤嚎闃熷垪] 宸叉爣璁颁负鍚屾: test_item_1_1768526115696_0.625254300001642

[90mstdout[2m | src/utils/__tests__/offline-mode.test.ts[2m > [22m[2m绂荤嚎妯″紡鍔熻兘娴嬭瘯[2m > [22m[2m灞炴€?4锛氬閲忓悓姝ユ暟鎹竴鑷存€?[2m > [22m[2m寰呭悓姝ラ」搴旀纭爣璁板拰杩借釜
[22m[39m[IndexedDB] 鏁版嵁淇濆瓨鎴愬姛: offline_edit_queue

[90mstdout[2m | src/utils/__tests__/offline-mode.test.ts[2m > [22m[2m绂荤嚎妯″紡鍔熻兘娴嬭瘯[2m > [22m[2m灞炴€?4锛氬閲忓悓姝ユ暟鎹竴鑷存€?[2m > [22m[2m寰呭悓姝ラ」搴旀纭爣璁板拰杩借釜
[22m[39m[绂荤嚎闃熷垪] 宸叉爣璁颁负鍚屾: test_item_2_1768526115709_0.40472660039554476

[90mstdout[2m | src/utils/__tests__/offline-mode.test.ts[2m > [22m[2m绂荤嚎妯″紡鍔熻兘娴嬭瘯[2m > [22m[2m灞炴€?4锛氬閲忓悓姝ユ暟鎹竴鑷存€?[2m > [22m[2m寰呭悓姝ラ」搴旀纭爣璁板拰杩借釜
[22m[39m[IndexedDB] 鎵€鏈夌紦瀛樺凡娓呯┖

[90mstdout[2m | src/utils/__tests__/offline-mode.test.ts[2m > [22m[2m绂荤嚎妯″紡鍔熻兘娴嬭瘯[2m > [22m[2m灞炴€?4锛氬閲忓悓姝ユ暟鎹竴鑷存€?[2m > [22m[2m寰呭悓姝ラ」搴旀纭爣璁板拰杩借釜
[22m[39m[IndexedDB] 鏁版嵁鍒犻櫎鎴愬姛: offline_edit_queue

[90mstdout[2m | src/utils/__tests__/offline-mode.test.ts[2m > [22m[2m绂荤嚎妯″紡鍔熻兘娴嬭瘯[2m > [22m[2m灞炴€?4锛氬閲忓悓姝ユ暟鎹竴鑷存€?[2m > [22m[2m寰呭悓姝ラ」搴旀纭爣璁板拰杩借釜
[22m[39m[绂荤嚎闃熷垪] 宸叉竻绌?
[90mstdout[2m | src/utils/__tests__/offline-mode.test.ts[2m > [22m[2m绂荤嚎妯″紡鍔熻兘娴嬭瘯[2m > [22m[2m灞炴€?4锛氬閲忓悓姝ユ暟鎹竴鑷存€?[2m > [22m[2m寰呭悓姝ラ」搴旀纭爣璁板拰杩借釜
[22m[39m[缃戠粶鐩戝惉] 宸叉竻鐞?
[90mstdout[2m | src/utils/__tests__/offline-mode.test.ts[2m > [22m[2m绂荤嚎妯″紡鍔熻兘娴嬭瘯[2m > [22m[2m灞炴€?4锛氬閲忓悓姝ユ暟鎹竴鑷存€?[2m > [22m[2m鍚屾閿欒搴旀纭褰曞拰妫€绱?[22m[39m[IndexedDB] 鏁版嵁搴撳垵濮嬪寲鎴愬姛

[90mstdout[2m | src/utils/__tests__/offline-mode.test.ts[2m > [22m[2m绂荤嚎妯″紡鍔熻兘娴嬭瘯[2m > [22m[2m灞炴€?4锛氬閲忓悓姝ユ暟鎹竴鑷存€?[2m > [22m[2m鍚屾閿欒搴旀纭褰曞拰妫€绱?[22m[39m[IndexedDB] 瀵硅薄瀛樺偍鍒涘缓鎴愬姛

[90mstdout[2m | src/utils/__tests__/offline-mode.test.ts[2m > [22m[2m绂荤嚎妯″紡鍔熻兘娴嬭瘯[2m > [22m[2m灞炴€?4锛氬閲忓悓姝ユ暟鎹竴鑷存€?[2m > [22m[2m鍚屾閿欒搴旀纭褰曞拰妫€绱?[22m[39m[缃戠粶鐩戝惉] 宸插垵濮嬪寲锛屽綋鍓嶇姸鎬? online

[90mstdout[2m | src/utils/__tests__/offline-mode.test.ts[2m > [22m[2m绂荤嚎妯″紡鍔熻兘娴嬭瘯[2m > [22m[2m灞炴€?4锛氬閲忓悓姝ユ暟鎹竴鑷存€?[2m > [22m[2m鍚屾閿欒搴旀纭褰曞拰妫€绱?[22m[39m[IndexedDB] 鏁版嵁淇濆瓨鎴愬姛: offline_edit_queue

[90mstdout[2m | src/utils/__tests__/offline-mode.test.ts[2m > [22m[2m绂荤嚎妯″紡鍔熻兘娴嬭瘯[2m > [22m[2m灞炴€?4锛氬閲忓悓姝ユ暟鎹竴鑷存€?[2m > [22m[2m鍚屾閿欒搴旀纭褰曞拰妫€绱?[22m[39m[绂荤嚎闃熷垪] 宸叉坊鍔犳搷浣? update test/item_0

[90mstdout[2m | src/utils/__tests__/offline-mode.test.ts[2m > [22m[2m绂荤嚎妯″紡鍔熻兘娴嬭瘯[2m > [22m[2m灞炴€?4锛氬閲忓悓姝ユ暟鎹竴鑷存€?[2m > [22m[2m鍚屾閿欒搴旀纭褰曞拰妫€绱?[22m[39m[IndexedDB] 鏁版嵁淇濆瓨鎴愬姛: offline_edit_queue

[90mstdout[2m | src/utils/__tests__/offline-mode.test.ts[2m > [22m[2m绂荤嚎妯″紡鍔熻兘娴嬭瘯[2m > [22m[2m灞炴€?4锛氬閲忓悓姝ユ暟鎹竴鑷存€?[2m > [22m[2m鍚屾閿欒搴旀纭褰曞拰妫€绱?[22m[39m[绂荤嚎闃熷垪] 宸叉坊鍔犳搷浣? update test/item_1

[90mstdout[2m | src/utils/__tests__/offline-mode.test.ts[2m > [22m[2m绂荤嚎妯″紡鍔熻兘娴嬭瘯[2m > [22m[2m灞炴€?4锛氬閲忓悓姝ユ暟鎹竴鑷存€?[2m > [22m[2m鍚屾閿欒搴旀纭褰曞拰妫€绱?[22m[39m[IndexedDB] 鏁版嵁淇濆瓨鎴愬姛: offline_edit_queue

[90mstdout[2m | src/utils/__tests__/offline-mode.test.ts[2m > [22m[2m绂荤嚎妯″紡鍔熻兘娴嬭瘯[2m > [22m[2m灞炴€?4锛氬閲忓悓姝ユ暟鎹竴鑷存€?[2m > [22m[2m鍚屾閿欒搴旀纭褰曞拰妫€绱?[22m[39m[绂荤嚎闃熷垪] 宸叉坊鍔犳搷浣? update test/item_2

[90mstdout[2m | src/utils/__tests__/offline-mode.test.ts[2m > [22m[2m绂荤嚎妯″紡鍔熻兘娴嬭瘯[2m > [22m[2m灞炴€?4锛氬閲忓悓姝ユ暟鎹竴鑷存€?[2m > [22m[2m鍚屾閿欒搴旀纭褰曞拰妫€绱?[22m[39m[IndexedDB] 鏁版嵁淇濆瓨鎴愬姛: offline_edit_queue

[90mstdout[2m | src/utils/__tests__/offline-mode.test.ts[2m > [22m[2m绂荤嚎妯″紡鍔熻兘娴嬭瘯[2m > [22m[2m灞炴€?4锛氬閲忓悓姝ユ暟鎹竴鑷存€?[2m > [22m[2m鍚屾閿欒搴旀纭褰曞拰妫€绱?[22m[39m[绂荤嚎闃熷垪] 宸叉坊鍔犳搷浣? update test/item_3

[90mstdout[2m | src/utils/__tests__/offline-mode.test.ts[2m > [22m[2m绂荤嚎妯″紡鍔熻兘娴嬭瘯[2m > [22m[2m灞炴€?4锛氬閲忓悓姝ユ暟鎹竴鑷存€?[2m > [22m[2m鍚屾閿欒搴旀纭褰曞拰妫€绱?[22m[39m[IndexedDB] 鏁版嵁淇濆瓨鎴愬姛: offline_edit_queue

[90mstdout[2m | src/utils/__tests__/offline-mode.test.ts[2m > [22m[2m绂荤嚎妯″紡鍔熻兘娴嬭瘯[2m > [22m[2m灞炴€?4锛氬閲忓悓姝ユ暟鎹竴鑷存€?[2m > [22m[2m鍚屾閿欒搴旀纭褰曞拰妫€绱?[22m[39m[绂荤嚎闃熷垪] 宸叉坊鍔犳搷浣? update test/item_4

[90mstdout[2m | src/utils/__tests__/offline-mode.test.ts[2m > [22m[2m绂荤嚎妯″紡鍔熻兘娴嬭瘯[2m > [22m[2m灞炴€?4锛氬閲忓悓姝ユ暟鎹竴鑷存€?[2m > [22m[2m鍚屾閿欒搴旀纭褰曞拰妫€绱?[22m[39m[IndexedDB] 鏁版嵁淇濆瓨鎴愬姛: offline_edit_queue

[90mstdout[2m | src/utils/__tests__/offline-mode.test.ts[2m > [22m[2m绂荤嚎妯″紡鍔熻兘娴嬭瘯[2m > [22m[2m灞炴€?4锛氬閲忓悓姝ユ暟鎹竴鑷存€?[2m > [22m[2m鍚屾閿欒搴旀纭褰曞拰妫€绱?[22m[39m[绂荤嚎闃熷垪] 鍚屾澶辫触: test_item_0_1768526115854_0.7317765014732267 - Network error

[90mstdout[2m | src/utils/__tests__/offline-mode.test.ts[2m > [22m[2m绂荤嚎妯″紡鍔熻兘娴嬭瘯[2m > [22m[2m灞炴€?4锛氬閲忓悓姝ユ暟鎹竴鑷存€?[2m > [22m[2m鍚屾閿欒搴旀纭褰曞拰妫€绱?[22m[39m[IndexedDB] 鏁版嵁淇濆瓨鎴愬姛: offline_edit_queue

[90mstdout[2m | src/utils/__tests__/offline-mode.test.ts[2m > [22m[2m绂荤嚎妯″紡鍔熻兘娴嬭瘯[2m > [22m[2m灞炴€?4锛氬閲忓悓姝ユ暟鎹竴鑷存€?[2m > [22m[2m鍚屾閿欒搴旀纭褰曞拰妫€绱?[22m[39m[绂荤嚎闃熷垪] 鍚屾澶辫触: test_item_1_1768526115876_0.8169149050342486 - Server error

[90mstdout[2m | src/utils/__tests__/offline-mode.test.ts[2m > [22m[2m绂荤嚎妯″紡鍔熻兘娴嬭瘯[2m > [22m[2m灞炴€?4锛氬閲忓悓姝ユ暟鎹竴鑷存€?[2m > [22m[2m鍚屾閿欒搴旀纭褰曞拰妫€绱?[22m[39m[IndexedDB] 鎵€鏈夌紦瀛樺凡娓呯┖

[90mstdout[2m | src/utils/__tests__/offline-mode.test.ts[2m > [22m[2m绂荤嚎妯″紡鍔熻兘娴嬭瘯[2m > [22m[2m灞炴€?4锛氬閲忓悓姝ユ暟鎹竴鑷存€?[2m > [22m[2m鍚屾閿欒搴旀纭褰曞拰妫€绱?[22m[39m[IndexedDB] 鏁版嵁鍒犻櫎鎴愬姛: offline_edit_queue

[90mstdout[2m | src/utils/__tests__/offline-mode.test.ts[2m > [22m[2m绂荤嚎妯″紡鍔熻兘娴嬭瘯[2m > [22m[2m灞炴€?4锛氬閲忓悓姝ユ暟鎹竴鑷存€?[2m > [22m[2m鍚屾閿欒搴旀纭褰曞拰妫€绱?[22m[39m[绂荤嚎闃熷垪] 宸叉竻绌?
[90mstdout[2m | src/utils/__tests__/offline-mode.test.ts[2m > [22m[2m绂荤嚎妯″紡鍔熻兘娴嬭瘯[2m > [22m[2m灞炴€?4锛氬閲忓悓姝ユ暟鎹竴鑷存€?[2m > [22m[2m鍚屾閿欒搴旀纭褰曞拰妫€绱?[22m[39m[缃戠粶鐩戝惉] 宸叉竻鐞?
[90mstdout[2m | src/utils/__tests__/offline-mode.test.ts[2m > [22m[2m绂荤嚎妯″紡鍔熻兘娴嬭瘯[2m > [22m[2m灞炴€?4锛氬閲忓悓姝ユ暟鎹竴鑷存€?[2m > [22m[2m闃熷垪鏁版嵁搴旀敮鎸佹寔涔呭寲鍜屾仮澶?[22m[39m[IndexedDB] 鏁版嵁搴撳垵濮嬪寲鎴愬姛

[90mstdout[2m | src/utils/__tests__/offline-mode.test.ts[2m > [22m[2m绂荤嚎妯″紡鍔熻兘娴嬭瘯[2m > [22m[2m灞炴€?4锛氬閲忓悓姝ユ暟鎹竴鑷存€?[2m > [22m[2m闃熷垪鏁版嵁搴旀敮鎸佹寔涔呭寲鍜屾仮澶?[22m[39m[IndexedDB] 瀵硅薄瀛樺偍鍒涘缓鎴愬姛

[90mstdout[2m | src/utils/__tests__/offline-mode.test.ts[2m > [22m[2m绂荤嚎妯″紡鍔熻兘娴嬭瘯[2m > [22m[2m灞炴€?4锛氬閲忓悓姝ユ暟鎹竴鑷存€?[2m > [22m[2m闃熷垪鏁版嵁搴旀敮鎸佹寔涔呭寲鍜屾仮澶?[22m[39m[缃戠粶鐩戝惉] 宸插垵濮嬪寲锛屽綋鍓嶇姸鎬? online

[90mstdout[2m | src/utils/__tests__/offline-mode.test.ts[2m > [22m[2m绂荤嚎妯″紡鍔熻兘娴嬭瘯[2m > [22m[2m灞炴€?4锛氬閲忓悓姝ユ暟鎹竴鑷存€?[2m > [22m[2m闃熷垪鏁版嵁搴旀敮鎸佹寔涔呭寲鍜屾仮澶?[22m[39m[IndexedDB] 鏁版嵁淇濆瓨鎴愬姛: offline_edit_queue

[90mstdout[2m | src/utils/__tests__/offline-mode.test.ts[2m > [22m[2m绂荤嚎妯″紡鍔熻兘娴嬭瘯[2m > [22m[2m灞炴€?4锛氬閲忓悓姝ユ暟鎹竴鑷存€?[2m > [22m[2m闃熷垪鏁版嵁搴旀敮鎸佹寔涔呭寲鍜屾仮澶?[22m[39m[绂荤嚎闃熷垪] 宸叉坊鍔犳搷浣? delete test/item_0

[90mstdout[2m | src/utils/__tests__/offline-mode.test.ts[2m > [22m[2m绂荤嚎妯″紡鍔熻兘娴嬭瘯[2m > [22m[2m灞炴€?4锛氬閲忓悓姝ユ暟鎹竴鑷存€?[2m > [22m[2m闃熷垪鏁版嵁搴旀敮鎸佹寔涔呭寲鍜屾仮澶?[22m[39m[IndexedDB] 鏁版嵁淇濆瓨鎴愬姛: offline_edit_queue

[90mstdout[2m | src/utils/__tests__/offline-mode.test.ts[2m > [22m[2m绂荤嚎妯″紡鍔熻兘娴嬭瘯[2m > [22m[2m灞炴€?4锛氬閲忓悓姝ユ暟鎹竴鑷存€?[2m > [22m[2m闃熷垪鏁版嵁搴旀敮鎸佹寔涔呭寲鍜屾仮澶?[22m[39m[绂荤嚎闃熷垪] 宸叉坊鍔犳搷浣? delete test/item_1

[90mstdout[2m | src/utils/__tests__/offline-mode.test.ts[2m > [22m[2m绂荤嚎妯″紡鍔熻兘娴嬭瘯[2m > [22m[2m灞炴€?4锛氬閲忓悓姝ユ暟鎹竴鑷存€?[2m > [22m[2m闃熷垪鏁版嵁搴旀敮鎸佹寔涔呭寲鍜屾仮澶?[22m[39m[IndexedDB] 鏁版嵁淇濆瓨鎴愬姛: offline_edit_queue

[90mstdout[2m | src/utils/__tests__/offline-mode.test.ts[2m > [22m[2m绂荤嚎妯″紡鍔熻兘娴嬭瘯[2m > [22m[2m灞炴€?4锛氬閲忓悓姝ユ暟鎹竴鑷存€?[2m > [22m[2m闃熷垪鏁版嵁搴旀敮鎸佹寔涔呭寲鍜屾仮澶?[22m[39m[绂荤嚎闃熷垪] 宸叉坊鍔犳搷浣? delete test/item_2

[90mstdout[2m | src/utils/__tests__/offline-mode.test.ts[2m > [22m[2m绂荤嚎妯″紡鍔熻兘娴嬭瘯[2m > [22m[2m灞炴€?4锛氬閲忓悓姝ユ暟鎹竴鑷存€?[2m > [22m[2m闃熷垪鏁版嵁搴旀敮鎸佹寔涔呭寲鍜屾仮澶?[22m[39m[IndexedDB] 鎵€鏈夌紦瀛樺凡娓呯┖

[90mstdout[2m | src/utils/__tests__/offline-mode.test.ts[2m > [22m[2m绂荤嚎妯″紡鍔熻兘娴嬭瘯[2m > [22m[2m灞炴€?4锛氬閲忓悓姝ユ暟鎹竴鑷存€?[2m > [22m[2m闃熷垪鏁版嵁搴旀敮鎸佹寔涔呭寲鍜屾仮澶?[22m[39m[IndexedDB] 鏁版嵁鍒犻櫎鎴愬姛: offline_edit_queue

[90mstdout[2m | src/utils/__tests__/offline-mode.test.ts[2m > [22m[2m绂荤嚎妯″紡鍔熻兘娴嬭瘯[2m > [22m[2m灞炴€?4锛氬閲忓悓姝ユ暟鎹竴鑷存€?[2m > [22m[2m闃熷垪鏁版嵁搴旀敮鎸佹寔涔呭寲鍜屾仮澶?[22m[39m[绂荤嚎闃熷垪] 宸叉竻绌?
[90mstdout[2m | src/utils/__tests__/offline-mode.test.ts[2m > [22m[2m绂荤嚎妯″紡鍔熻兘娴嬭瘯[2m > [22m[2m灞炴€?4锛氬閲忓悓姝ユ暟鎹竴鑷存€?[2m > [22m[2m闃熷垪鏁版嵁搴旀敮鎸佹寔涔呭寲鍜屾仮澶?[22m[39m[缃戠粶鐩戝惉] 宸叉竻鐞?
[90mstdout[2m | src/utils/__tests__/offline-mode.test.ts[2m > [22m[2m绂荤嚎妯″紡鍔熻兘娴嬭瘯[2m > [22m[2m灞炴€?4锛氬閲忓悓姝ユ暟鎹竴鑷存€?[2m > [22m[2m缂撳瓨缁熻搴斿噯纭弽鏄犳暟鎹姸鎬?[22m[39m[IndexedDB] 鏁版嵁搴撳垵濮嬪寲鎴愬姛

[90mstdout[2m | src/utils/__tests__/offline-mode.test.ts[2m > [22m[2m绂荤嚎妯″紡鍔熻兘娴嬭瘯[2m > [22m[2m灞炴€?4锛氬閲忓悓姝ユ暟鎹竴鑷存€?[2m > [22m[2m缂撳瓨缁熻搴斿噯纭弽鏄犳暟鎹姸鎬?[22m[39m[IndexedDB] 瀵硅薄瀛樺偍鍒涘缓鎴愬姛

[90mstdout[2m | src/utils/__tests__/offline-mode.test.ts[2m > [22m[2m绂荤嚎妯″紡鍔熻兘娴嬭瘯[2m > [22m[2m灞炴€?4锛氬閲忓悓姝ユ暟鎹竴鑷存€?[2m > [22m[2m缂撳瓨缁熻搴斿噯纭弽鏄犳暟鎹姸鎬?[22m[39m[缃戠粶鐩戝惉] 宸插垵濮嬪寲锛屽綋鍓嶇姸鎬? online

[90mstdout[2m | src/utils/__tests__/offline-mode.test.ts[2m > [22m[2m绂荤嚎妯″紡鍔熻兘娴嬭瘯[2m > [22m[2m灞炴€?4锛氬閲忓悓姝ユ暟鎹竴鑷存€?[2m > [22m[2m缂撳瓨缁熻搴斿噯纭弽鏄犳暟鎹姸鎬?[22m[39m[IndexedDB] 鏁版嵁淇濆瓨鎴愬姛: cache_0

[90mstdout[2m | src/utils/__tests__/offline-mode.test.ts[2m > [22m[2m绂荤嚎妯″紡鍔熻兘娴嬭瘯[2m > [22m[2m灞炴€?4锛氬閲忓悓姝ユ暟鎹竴鑷存€?[2m > [22m[2m缂撳瓨缁熻搴斿噯纭弽鏄犳暟鎹姸鎬?[22m[39m[IndexedDB] 鏁版嵁淇濆瓨鎴愬姛: cache_1

[90mstdout[2m | src/utils/__tests__/offline-mode.test.ts[2m > [22m[2m绂荤嚎妯″紡鍔熻兘娴嬭瘯[2m > [22m[2m灞炴€?4锛氬閲忓悓姝ユ暟鎹竴鑷存€?[2m > [22m[2m缂撳瓨缁熻搴斿噯纭弽鏄犳暟鎹姸鎬?[22m[39m[IndexedDB] 鏁版嵁淇濆瓨鎴愬姛: cache_2

[90mstdout[2m | src/utils/__tests__/offline-mode.test.ts[2m > [22m[2m绂荤嚎妯″紡鍔熻兘娴嬭瘯[2m > [22m[2m灞炴€?4锛氬閲忓悓姝ユ暟鎹竴鑷存€?[2m > [22m[2m缂撳瓨缁熻搴斿噯纭弽鏄犳暟鎹姸鎬?[22m[39m[IndexedDB] 鏁版嵁淇濆瓨鎴愬姛: cache_3

[90mstdout[2m | src/utils/__tests__/offline-mode.test.ts[2m > [22m[2m绂荤嚎妯″紡鍔熻兘娴嬭瘯[2m > [22m[2m灞炴€?4锛氬閲忓悓姝ユ暟鎹竴鑷存€?[2m > [22m[2m缂撳瓨缁熻搴斿噯纭弽鏄犳暟鎹姸鎬?[22m[39m[IndexedDB] 鏁版嵁淇濆瓨鎴愬姛: cache_4

[90mstdout[2m | src/utils/__tests__/offline-mode.test.ts[2m > [22m[2m绂荤嚎妯″紡鍔熻兘娴嬭瘯[2m > [22m[2m灞炴€?4锛氬閲忓悓姝ユ暟鎹竴鑷存€?[2m > [22m[2m缂撳瓨缁熻搴斿噯纭弽鏄犳暟鎹姸鎬?[22m[39m[IndexedDB] 鎵€鏈夌紦瀛樺凡娓呯┖

[90mstdout[2m | src/utils/__tests__/offline-mode.test.ts[2m > [22m[2m绂荤嚎妯″紡鍔熻兘娴嬭瘯[2m > [22m[2m灞炴€?4锛氬閲忓悓姝ユ暟鎹竴鑷存€?[2m > [22m[2m缂撳瓨缁熻搴斿噯纭弽鏄犳暟鎹姸鎬?[22m[39m[IndexedDB] 鏁版嵁鍒犻櫎鎴愬姛: offline_edit_queue

[90mstdout[2m | src/utils/__tests__/offline-mode.test.ts[2m > [22m[2m绂荤嚎妯″紡鍔熻兘娴嬭瘯[2m > [22m[2m灞炴€?4锛氬閲忓悓姝ユ暟鎹竴鑷存€?[2m > [22m[2m缂撳瓨缁熻搴斿噯纭弽鏄犳暟鎹姸鎬?[22m[39m[绂荤嚎闃熷垪] 宸叉竻绌?
[90mstdout[2m | src/utils/__tests__/offline-mode.test.ts[2m > [22m[2m绂荤嚎妯″紡鍔熻兘娴嬭瘯[2m > [22m[2m灞炴€?4锛氬閲忓悓姝ユ暟鎹竴鑷存€?[2m > [22m[2m缂撳瓨缁熻搴斿噯纭弽鏄犳暟鎹姸鎬?[22m[39m[缃戠粶鐩戝惉] 宸叉竻鐞?
[90mstdout[2m | src/utils/__tests__/offline-mode.test.ts[2m > [22m[2m绂荤嚎妯″紡鍔熻兘娴嬭瘯[2m > [22m[2m灞炴€?4锛氬閲忓悓姝ユ暟鎹竴鑷存€?[2m > [22m[2m杩囨湡缂撳瓨娓呯悊搴旀纭垹闄よ繃鏈熸暟鎹?[22m[39m[IndexedDB] 鏁版嵁搴撳垵濮嬪寲鎴愬姛

[90mstdout[2m | src/utils/__tests__/offline-mode.test.ts[2m > [22m[2m绂荤嚎妯″紡鍔熻兘娴嬭瘯[2m > [22m[2m灞炴€?4锛氬閲忓悓姝ユ暟鎹竴鑷存€?[2m > [22m[2m杩囨湡缂撳瓨娓呯悊搴旀纭垹闄よ繃鏈熸暟鎹?[22m[39m[IndexedDB] 瀵硅薄瀛樺偍鍒涘缓鎴愬姛

[90mstdout[2m | src/utils/__tests__/offline-mode.test.ts[2m > [22m[2m绂荤嚎妯″紡鍔熻兘娴嬭瘯[2m > [22m[2m灞炴€?4锛氬閲忓悓姝ユ暟鎹竴鑷存€?[2m > [22m[2m杩囨湡缂撳瓨娓呯悊搴旀纭垹闄よ繃鏈熸暟鎹?[22m[39m[缃戠粶鐩戝惉] 宸插垵濮嬪寲锛屽綋鍓嶇姸鎬? online

[90mstdout[2m | src/utils/__tests__/offline-mode.test.ts[2m > [22m[2m绂荤嚎妯″紡鍔熻兘娴嬭瘯[2m > [22m[2m灞炴€?4锛氬閲忓悓姝ユ暟鎹竴鑷存€?[2m > [22m[2m杩囨湡缂撳瓨娓呯悊搴旀纭垹闄よ繃鏈熸暟鎹?[22m[39m[IndexedDB] 鏁版嵁淇濆瓨鎴愬姛: expiring_0

[90mstdout[2m | src/utils/__tests__/offline-mode.test.ts[2m > [22m[2m绂荤嚎妯″紡鍔熻兘娴嬭瘯[2m > [22m[2m灞炴€?4锛氬閲忓悓姝ユ暟鎹竴鑷存€?[2m > [22m[2m杩囨湡缂撳瓨娓呯悊搴旀纭垹闄よ繃鏈熸暟鎹?[22m[39m[IndexedDB] 鏁版嵁淇濆瓨鎴愬姛: expiring_1

[90mstdout[2m | src/utils/__tests__/offline-mode.test.ts[2m > [22m[2m绂荤嚎妯″紡鍔熻兘娴嬭瘯[2m > [22m[2m灞炴€?4锛氬閲忓悓姝ユ暟鎹竴鑷存€?[2m > [22m[2m杩囨湡缂撳瓨娓呯悊搴旀纭垹闄よ繃鏈熸暟鎹?[22m[39m[IndexedDB] 鏁版嵁淇濆瓨鎴愬姛: expiring_2

[90mstdout[2m | src/utils/__tests__/offline-mode.test.ts[2m > [22m[2m绂荤嚎妯″紡鍔熻兘娴嬭瘯[2m > [22m[2m灞炴€?4锛氬閲忓悓姝ユ暟鎹竴鑷存€?[2m > [22m[2m杩囨湡缂撳瓨娓呯悊搴旀纭垹闄よ繃鏈熸暟鎹?[22m[39m[IndexedDB] 鏁版嵁淇濆瓨鎴愬姛: permanent_0

[90mstdout[2m | src/utils/__tests__/offline-mode.test.ts[2m > [22m[2m绂荤嚎妯″紡鍔熻兘娴嬭瘯[2m > [22m[2m灞炴€?4锛氬閲忓悓姝ユ暟鎹竴鑷存€?[2m > [22m[2m杩囨湡缂撳瓨娓呯悊搴旀纭垹闄よ繃鏈熸暟鎹?[22m[39m[IndexedDB] 鏁版嵁淇濆瓨鎴愬姛: permanent_1

[90mstdout[2m | src/utils/__tests__/offline-mode.test.ts[2m > [22m[2m绂荤嚎妯″紡鍔熻兘娴嬭瘯[2m > [22m[2m灞炴€?4锛氬閲忓悓姝ユ暟鎹竴鑷存€?[2m > [22m[2m杩囨湡缂撳瓨娓呯悊搴旀纭垹闄よ繃鏈熸暟鎹?[22m[39m[IndexedDB] 娓呯悊瀹屾垚锛屽垹闄?鏉¤繃鏈熸暟鎹?
[90mstdout[2m | src/utils/__tests__/offline-mode.test.ts[2m > [22m[2m绂荤嚎妯″紡鍔熻兘娴嬭瘯[2m > [22m[2m灞炴€?4锛氬閲忓悓姝ユ暟鎹竴鑷存€?[2m > [22m[2m杩囨湡缂撳瓨娓呯悊搴旀纭垹闄よ繃鏈熸暟鎹?[22m[39m[IndexedDB] 鏁版嵁璇诲彇鎴愬姛: permanent_0

[90mstdout[2m | src/utils/__tests__/offline-mode.test.ts[2m > [22m[2m绂荤嚎妯″紡鍔熻兘娴嬭瘯[2m > [22m[2m灞炴€?4锛氬閲忓悓姝ユ暟鎹竴鑷存€?[2m > [22m[2m杩囨湡缂撳瓨娓呯悊搴旀纭垹闄よ繃鏈熸暟鎹?[22m[39m[IndexedDB] 鏁版嵁璇诲彇鎴愬姛: permanent_1

[90mstdout[2m | src/utils/__tests__/offline-mode.test.ts[2m > [22m[2m绂荤嚎妯″紡鍔熻兘娴嬭瘯[2m > [22m[2m灞炴€?4锛氬閲忓悓姝ユ暟鎹竴鑷存€?[2m > [22m[2m杩囨湡缂撳瓨娓呯悊搴旀纭垹闄よ繃鏈熸暟鎹?[22m[39m[IndexedDB] 鎵€鏈夌紦瀛樺凡娓呯┖

[90mstdout[2m | src/utils/__tests__/offline-mode.test.ts[2m > [22m[2m绂荤嚎妯″紡鍔熻兘娴嬭瘯[2m > [22m[2m灞炴€?4锛氬閲忓悓姝ユ暟鎹竴鑷存€?[2m > [22m[2m杩囨湡缂撳瓨娓呯悊搴旀纭垹闄よ繃鏈熸暟鎹?[22m[39m[IndexedDB] 鏁版嵁鍒犻櫎鎴愬姛: offline_edit_queue

[90mstdout[2m | src/utils/__tests__/offline-mode.test.ts[2m > [22m[2m绂荤嚎妯″紡鍔熻兘娴嬭瘯[2m > [22m[2m灞炴€?4锛氬閲忓悓姝ユ暟鎹竴鑷存€?[2m > [22m[2m杩囨湡缂撳瓨娓呯悊搴旀纭垹闄よ繃鏈熸暟鎹?[22m[39m[绂荤嚎闃熷垪] 宸叉竻绌?
[90mstdout[2m | src/utils/__tests__/offline-mode.test.ts[2m > [22m[2m绂荤嚎妯″紡鍔熻兘娴嬭瘯[2m > [22m[2m灞炴€?4锛氬閲忓悓姝ユ暟鎹竴鑷存€?[2m > [22m[2m杩囨湡缂撳瓨娓呯悊搴旀纭垹闄よ繃鏈熸暟鎹?[22m[39m[缃戠粶鐩戝惉] 宸叉竻鐞?
[90mstdout[2m | src/utils/__tests__/offline-mode.test.ts[2m > [22m[2m绂荤嚎妯″紡鍔熻兘娴嬭瘯[2m > [22m[2m绂荤嚎妯″紡闆嗘垚娴嬭瘯[2m > [22m[2m搴旀敮鎸佸畬鏁寸殑绂荤嚎缂栬緫鍜屽悓姝ユ祦绋?[22m[39m[IndexedDB] 鏁版嵁搴撳垵濮嬪寲鎴愬姛

[90mstdout[2m | src/utils/__tests__/offline-mode.test.ts[2m > [22m[2m绂荤嚎妯″紡鍔熻兘娴嬭瘯[2m > [22m[2m绂荤嚎妯″紡闆嗘垚娴嬭瘯[2m > [22m[2m搴旀敮鎸佸畬鏁寸殑绂荤嚎缂栬緫鍜屽悓姝ユ祦绋?[22m[39m[IndexedDB] 瀵硅薄瀛樺偍鍒涘缓鎴愬姛

[90mstdout[2m | src/utils/__tests__/offline-mode.test.ts[2m > [22m[2m绂荤嚎妯″紡鍔熻兘娴嬭瘯[2m > [22m[2m绂荤嚎妯″紡闆嗘垚娴嬭瘯[2m > [22m[2m搴旀敮鎸佸畬鏁寸殑绂荤嚎缂栬緫鍜屽悓姝ユ祦绋?[22m[39m[缃戠粶鐩戝惉] 宸插垵濮嬪寲锛屽綋鍓嶇姸鎬? online

[90mstdout[2m | src/utils/__tests__/offline-mode.test.ts[2m > [22m[2m绂荤嚎妯″紡鍔熻兘娴嬭瘯[2m > [22m[2m绂荤嚎妯″紡闆嗘垚娴嬭瘯[2m > [22m[2m搴旀敮鎸佸畬鏁寸殑绂荤嚎缂栬緫鍜屽悓姝ユ祦绋?[22m[39m[IndexedDB] 鏁版嵁淇濆瓨鎴愬姛: offline_edit_queue

[90mstdout[2m | src/utils/__tests__/offline-mode.test.ts[2m > [22m[2m绂荤嚎妯″紡鍔熻兘娴嬭瘯[2m > [22m[2m绂荤嚎妯″紡闆嗘垚娴嬭瘯[2m > [22m[2m搴旀敮鎸佸畬鏁寸殑绂荤嚎缂栬緫鍜屽悓姝ユ祦绋?[22m[39m[绂荤嚎闃熷垪] 宸叉坊鍔犳搷浣? create assignment/assign_0

[90mstdout[2m | src/utils/__tests__/offline-mode.test.ts[2m > [22m[2m绂荤嚎妯″紡鍔熻兘娴嬭瘯[2m > [22m[2m绂荤嚎妯″紡闆嗘垚娴嬭瘯[2m > [22m[2m搴旀敮鎸佸畬鏁寸殑绂荤嚎缂栬緫鍜屽悓姝ユ祦绋?[22m[39m[IndexedDB] 鏁版嵁淇濆瓨鎴愬姛: offline_edit_queue

[90mstdout[2m | src/utils/__tests__/offline-mode.test.ts[2m > [22m[2m绂荤嚎妯″紡鍔熻兘娴嬭瘯[2m > [22m[2m绂荤嚎妯″紡闆嗘垚娴嬭瘯[2m > [22m[2m搴旀敮鎸佸畬鏁寸殑绂荤嚎缂栬緫鍜屽悓姝ユ祦绋?[22m[39m[绂荤嚎闃熷垪] 宸叉坊鍔犳搷浣? create assignment/assign_1

[90mstdout[2m | src/utils/__tests__/offline-mode.test.ts[2m > [22m[2m绂荤嚎妯″紡鍔熻兘娴嬭瘯[2m > [22m[2m绂荤嚎妯″紡闆嗘垚娴嬭瘯[2m > [22m[2m搴旀敮鎸佸畬鏁寸殑绂荤嚎缂栬緫鍜屽悓姝ユ祦绋?[22m[39m[IndexedDB] 鏁版嵁淇濆瓨鎴愬姛: offline_edit_queue

[90mstdout[2m | src/utils/__tests__/offline-mode.test.ts[2m > [22m[2m绂荤嚎妯″紡鍔熻兘娴嬭瘯[2m > [22m[2m绂荤嚎妯″紡闆嗘垚娴嬭瘯[2m > [22m[2m搴旀敮鎸佸畬鏁寸殑绂荤嚎缂栬緫鍜屽悓姝ユ祦绋?[22m[39m[绂荤嚎闃熷垪] 宸叉坊鍔犳搷浣? create assignment/assign_2

[90mstdout[2m | src/utils/__tests__/offline-mode.test.ts[2m > [22m[2m绂荤嚎妯″紡鍔熻兘娴嬭瘯[2m > [22m[2m绂荤嚎妯″紡闆嗘垚娴嬭瘯[2m > [22m[2m搴旀敮鎸佸畬鏁寸殑绂荤嚎缂栬緫鍜屽悓姝ユ祦绋?[22m[39m[IndexedDB] 鏁版嵁淇濆瓨鎴愬姛: offline_edit_queue

[90mstdout[2m | src/utils/__tests__/offline-mode.test.ts[2m > [22m[2m绂荤嚎妯″紡鍔熻兘娴嬭瘯[2m > [22m[2m绂荤嚎妯″紡闆嗘垚娴嬭瘯[2m > [22m[2m搴旀敮鎸佸畬鏁寸殑绂荤嚎缂栬緫鍜屽悓姝ユ祦绋?[22m[39m[绂荤嚎闃熷垪] 宸叉爣璁颁负鍚屾: assignment_assign_0_1768526117470_0.5158023875930957

[90mstdout[2m | src/utils/__tests__/offline-mode.test.ts[2m > [22m[2m绂荤嚎妯″紡鍔熻兘娴嬭瘯[2m > [22m[2m绂荤嚎妯″紡闆嗘垚娴嬭瘯[2m > [22m[2m搴旀敮鎸佸畬鏁寸殑绂荤嚎缂栬緫鍜屽悓姝ユ祦绋?[22m[39m[IndexedDB] 鏁版嵁淇濆瓨鎴愬姛: offline_edit_queue

[90mstdout[2m | src/utils/__tests__/offline-mode.test.ts[2m > [22m[2m绂荤嚎妯″紡鍔熻兘娴嬭瘯[2m > [22m[2m绂荤嚎妯″紡闆嗘垚娴嬭瘯[2m > [22m[2m搴旀敮鎸佸畬鏁寸殑绂荤嚎缂栬緫鍜屽悓姝ユ祦绋?[22m[39m[绂荤嚎闃熷垪] 宸叉爣璁颁负鍚屾: assignment_assign_1_1768526117496_0.9092946011541434

[90mstdout[2m | src/utils/__tests__/offline-mode.test.ts[2m > [22m[2m绂荤嚎妯″紡鍔熻兘娴嬭瘯[2m > [22m[2m绂荤嚎妯″紡闆嗘垚娴嬭瘯[2m > [22m[2m搴旀敮鎸佸畬鏁寸殑绂荤嚎缂栬緫鍜屽悓姝ユ祦绋?[22m[39m[IndexedDB] 鏁版嵁淇濆瓨鎴愬姛: offline_edit_queue

[90mstdout[2m | src/utils/__tests__/offline-mode.test.ts[2m > [22m[2m绂荤嚎妯″紡鍔熻兘娴嬭瘯[2m > [22m[2m绂荤嚎妯″紡闆嗘垚娴嬭瘯[2m > [22m[2m搴旀敮鎸佸畬鏁寸殑绂荤嚎缂栬緫鍜屽悓姝ユ祦绋?[22m[39m[绂荤嚎闃熷垪] 鍚屾澶辫触: assignment_assign_2_1768526117508_0.6234456241767266 - Network error

[90mstdout[2m | src/utils/__tests__/offline-mode.test.ts[2m > [22m[2m绂荤嚎妯″紡鍔熻兘娴嬭瘯[2m > [22m[2m绂荤嚎妯″紡闆嗘垚娴嬭瘯[2m > [22m[2m搴旀敮鎸佸畬鏁寸殑绂荤嚎缂栬緫鍜屽悓姝ユ祦绋?[22m[39m[IndexedDB] 鎵€鏈夌紦瀛樺凡娓呯┖

[90mstdout[2m | src/utils/__tests__/offline-mode.test.ts[2m > [22m[2m绂荤嚎妯″紡鍔熻兘娴嬭瘯[2m > [22m[2m绂荤嚎妯″紡闆嗘垚娴嬭瘯[2m > [22m[2m搴旀敮鎸佸畬鏁寸殑绂荤嚎缂栬緫鍜屽悓姝ユ祦绋?[22m[39m[IndexedDB] 鏁版嵁鍒犻櫎鎴愬姛: offline_edit_queue

[90mstdout[2m | src/utils/__tests__/offline-mode.test.ts[2m > [22m[2m绂荤嚎妯″紡鍔熻兘娴嬭瘯[2m > [22m[2m绂荤嚎妯″紡闆嗘垚娴嬭瘯[2m > [22m[2m搴旀敮鎸佸畬鏁寸殑绂荤嚎缂栬緫鍜屽悓姝ユ祦绋?[22m[39m[绂荤嚎闃熷垪] 宸叉竻绌?
[90mstdout[2m | src/utils/__tests__/offline-mode.test.ts[2m > [22m[2m绂荤嚎妯″紡鍔熻兘娴嬭瘯[2m > [22m[2m绂荤嚎妯″紡闆嗘垚娴嬭瘯[2m > [22m[2m搴旀敮鎸佸畬鏁寸殑绂荤嚎缂栬緫鍜屽悓姝ユ祦绋?[22m[39m[缃戠粶鐩戝惉] 宸叉竻鐞?
[90mstdout[2m | src/utils/__tests__/offline-mode.test.ts[2m > [22m[2m绂荤嚎妯″紡鍔熻兘娴嬭瘯[2m > [22m[2m绂荤嚎妯″紡闆嗘垚娴嬭瘯[2m > [22m[2m搴旀敮鎸佺紦瀛樺拰闃熷垪鐨勭嫭绔嬫搷浣?[22m[39m[IndexedDB] 鏁版嵁搴撳垵濮嬪寲鎴愬姛

[90mstdout[2m | src/utils/__tests__/offline-mode.test.ts[2m > [22m[2m绂荤嚎妯″紡鍔熻兘娴嬭瘯[2m > [22m[2m绂荤嚎妯″紡闆嗘垚娴嬭瘯[2m > [22m[2m搴旀敮鎸佺紦瀛樺拰闃熷垪鐨勭嫭绔嬫搷浣?[22m[39m[IndexedDB] 瀵硅薄瀛樺偍鍒涘缓鎴愬姛

[90mstdout[2m | src/utils/__tests__/offline-mode.test.ts[2m > [22m[2m绂荤嚎妯″紡鍔熻兘娴嬭瘯[2m > [22m[2m绂荤嚎妯″紡闆嗘垚娴嬭瘯[2m > [22m[2m搴旀敮鎸佺紦瀛樺拰闃熷垪鐨勭嫭绔嬫搷浣?[22m[39m[缃戠粶鐩戝惉] 宸插垵濮嬪寲锛屽綋鍓嶇姸鎬? online

[90mstdout[2m | src/utils/__tests__/offline-mode.test.ts[2m > [22m[2m绂荤嚎妯″紡鍔熻兘娴嬭瘯[2m > [22m[2m绂荤嚎妯″紡闆嗘垚娴嬭瘯[2m > [22m[2m搴旀敮鎸佺紦瀛樺拰闃熷垪鐨勭嫭绔嬫搷浣?[22m[39m[IndexedDB] 鏁版嵁淇濆瓨鎴愬姛: cache_0

[90mstdout[2m | src/utils/__tests__/offline-mode.test.ts[2m > [22m[2m绂荤嚎妯″紡鍔熻兘娴嬭瘯[2m > [22m[2m绂荤嚎妯″紡闆嗘垚娴嬭瘯[2m > [22m[2m搴旀敮鎸佺紦瀛樺拰闃熷垪鐨勭嫭绔嬫搷浣?[22m[39m[IndexedDB] 鏁版嵁淇濆瓨鎴愬姛: cache_1

[90mstdout[2m | src/utils/__tests__/offline-mode.test.ts[2m > [22m[2m绂荤嚎妯″紡鍔熻兘娴嬭瘯[2m > [22m[2m绂荤嚎妯″紡闆嗘垚娴嬭瘯[2m > [22m[2m搴旀敮鎸佺紦瀛樺拰闃熷垪鐨勭嫭绔嬫搷浣?[22m[39m[IndexedDB] 鏁版嵁淇濆瓨鎴愬姛: cache_2

[90mstdout[2m | src/utils/__tests__/offline-mode.test.ts[2m > [22m[2m绂荤嚎妯″紡鍔熻兘娴嬭瘯[2m > [22m[2m绂荤嚎妯″紡闆嗘垚娴嬭瘯[2m > [22m[2m搴旀敮鎸佺紦瀛樺拰闃熷垪鐨勭嫭绔嬫搷浣?[22m[39m[IndexedDB] 鏁版嵁淇濆瓨鎴愬姛: offline_edit_queue

[90mstdout[2m | src/utils/__tests__/offline-mode.test.ts[2m > [22m[2m绂荤嚎妯″紡鍔熻兘娴嬭瘯[2m > [22m[2m绂荤嚎妯″紡闆嗘垚娴嬭瘯[2m > [22m[2m搴旀敮鎸佺紦瀛樺拰闃熷垪鐨勭嫭绔嬫搷浣?[22m[39m[绂荤嚎闃熷垪] 宸叉坊鍔犳搷浣? update note/note_0

[90mstdout[2m | src/utils/__tests__/offline-mode.test.ts[2m > [22m[2m绂荤嚎妯″紡鍔熻兘娴嬭瘯[2m > [22m[2m绂荤嚎妯″紡闆嗘垚娴嬭瘯[2m > [22m[2m搴旀敮鎸佺紦瀛樺拰闃熷垪鐨勭嫭绔嬫搷浣?[22m[39m[IndexedDB] 鏁版嵁淇濆瓨鎴愬姛: offline_edit_queue

[90mstdout[2m | src/utils/__tests__/offline-mode.test.ts[2m > [22m[2m绂荤嚎妯″紡鍔熻兘娴嬭瘯[2m > [22m[2m绂荤嚎妯″紡闆嗘垚娴嬭瘯[2m > [22m[2m搴旀敮鎸佺紦瀛樺拰闃熷垪鐨勭嫭绔嬫搷浣?[22m[39m[绂荤嚎闃熷垪] 宸叉坊鍔犳搷浣? update note/note_1

[90mstdout[2m | src/utils/__tests__/offline-mode.test.ts[2m > [22m[2m绂荤嚎妯″紡鍔熻兘娴嬭瘯[2m > [22m[2m绂荤嚎妯″紡闆嗘垚娴嬭瘯[2m > [22m[2m搴旀敮鎸佺紦瀛樺拰闃熷垪鐨勭嫭绔嬫搷浣?[22m[39m[IndexedDB] 鎵€鏈夌紦瀛樺凡娓呯┖

[90mstdout[2m | src/utils/__tests__/offline-mode.test.ts[2m > [22m[2m绂荤嚎妯″紡鍔熻兘娴嬭瘯[2m > [22m[2m绂荤嚎妯″紡闆嗘垚娴嬭瘯[2m > [22m[2m搴旀敮鎸佺紦瀛樺拰闃熷垪鐨勭嫭绔嬫搷浣?[22m[39m[IndexedDB] 鎵€鏈夌紦瀛樺凡娓呯┖

[90mstdout[2m | src/utils/__tests__/offline-mode.test.ts[2m > [22m[2m绂荤嚎妯″紡鍔熻兘娴嬭瘯[2m > [22m[2m绂荤嚎妯″紡闆嗘垚娴嬭瘯[2m > [22m[2m搴旀敮鎸佺紦瀛樺拰闃熷垪鐨勭嫭绔嬫搷浣?[22m[39m[IndexedDB] 鏁版嵁鍒犻櫎鎴愬姛: offline_edit_queue

[90mstdout[2m | src/utils/__tests__/offline-mode.test.ts[2m > [22m[2m绂荤嚎妯″紡鍔熻兘娴嬭瘯[2m > [22m[2m绂荤嚎妯″紡闆嗘垚娴嬭瘯[2m > [22m[2m搴旀敮鎸佺紦瀛樺拰闃熷垪鐨勭嫭绔嬫搷浣?[22m[39m[绂荤嚎闃熷垪] 宸叉竻绌?
[90mstdout[2m | src/utils/__tests__/offline-mode.test.ts[2m > [22m[2m绂荤嚎妯″紡鍔熻兘娴嬭瘯[2m > [22m[2m绂荤嚎妯″紡闆嗘垚娴嬭瘯[2m > [22m[2m搴旀敮鎸佺紦瀛樺拰闃熷垪鐨勭嫭绔嬫搷浣?[22m[39m[缃戠粶鐩戝惉] 宸叉竻鐞?
[90mstdout[2m | src/utils/__tests__/offline-mode.test.ts[2m > [22m[2m绂荤嚎妯″紡鍔熻兘娴嬭瘯[2m > [22m[2m绂荤嚎妯″紡闆嗘垚娴嬭瘯[2m > [22m[2m搴旀敮鎸佺綉缁滅姸鎬佸彉鍖栨椂鐨勮嚜鍔ㄥ鐞?[22m[39m[IndexedDB] 鏁版嵁搴撳垵濮嬪寲鎴愬姛

[90mstdout[2m | src/utils/__tests__/offline-mode.test.ts[2m > [22m[2m绂荤嚎妯″紡鍔熻兘娴嬭瘯[2m > [22m[2m绂荤嚎妯″紡闆嗘垚娴嬭瘯[2m > [22m[2m搴旀敮鎸佺綉缁滅姸鎬佸彉鍖栨椂鐨勮嚜鍔ㄥ鐞?[22m[39m[IndexedDB] 瀵硅薄瀛樺偍鍒涘缓鎴愬姛

[90mstdout[2m | src/utils/__tests__/offline-mode.test.ts[2m > [22m[2m绂荤嚎妯″紡鍔熻兘娴嬭瘯[2m > [22m[2m绂荤嚎妯″紡闆嗘垚娴嬭瘯[2m > [22m[2m搴旀敮鎸佺綉缁滅姸鎬佸彉鍖栨椂鐨勮嚜鍔ㄥ鐞?[22m[39m[缃戠粶鐩戝惉] 宸插垵濮嬪寲锛屽綋鍓嶇姸鎬? online

[90mstdout[2m | src/utils/__tests__/offline-mode.test.ts[2m > [22m[2m绂荤嚎妯″紡鍔熻兘娴嬭瘯[2m > [22m[2m绂荤嚎妯″紡闆嗘垚娴嬭瘯[2m > [22m[2m搴旀敮鎸佺綉缁滅姸鎬佸彉鍖栨椂鐨勮嚜鍔ㄥ鐞?[22m[39m[IndexedDB] 鏁版嵁淇濆瓨鎴愬姛: offline_edit_queue

[90mstdout[2m | src/utils/__tests__/offline-mode.test.ts[2m > [22m[2m绂荤嚎妯″紡鍔熻兘娴嬭瘯[2m > [22m[2m绂荤嚎妯″紡闆嗘垚娴嬭瘯[2m > [22m[2m搴旀敮鎸佺綉缁滅姸鎬佸彉鍖栨椂鐨勮嚜鍔ㄥ鐞?[22m[39m[绂荤嚎闃熷垪] 宸叉坊鍔犳搷浣? create test/item_1

[90mstdout[2m | src/utils/__tests__/offline-mode.test.ts[2m > [22m[2m绂荤嚎妯″紡鍔熻兘娴嬭瘯[2m > [22m[2m绂荤嚎妯″紡闆嗘垚娴嬭瘯[2m > [22m[2m搴旀敮鎸佺綉缁滅姸鎬佸彉鍖栨椂鐨勮嚜鍔ㄥ鐞?[22m[39m[缃戠粶鐩戝惉] 缃戠粶鐘舵€佸凡鎵嬪姩璁剧疆: offline
[缃戠粶鐩戝惉] 缃戠粶鐘舵€佸凡鎵嬪姩璁剧疆: online

[90mstdout[2m | src/utils/__tests__/offline-mode.test.ts[2m > [22m[2m绂荤嚎妯″紡鍔熻兘娴嬭瘯[2m > [22m[2m绂荤嚎妯″紡闆嗘垚娴嬭瘯[2m > [22m[2m搴旀敮鎸佺綉缁滅姸鎬佸彉鍖栨椂鐨勮嚜鍔ㄥ鐞?[22m[39m[IndexedDB] 鎵€鏈夌紦瀛樺凡娓呯┖

[90mstdout[2m | src/utils/__tests__/offline-mode.test.ts[2m > [22m[2m绂荤嚎妯″紡鍔熻兘娴嬭瘯[2m > [22m[2m绂荤嚎妯″紡闆嗘垚娴嬭瘯[2m > [22m[2m搴旀敮鎸佺綉缁滅姸鎬佸彉鍖栨椂鐨勮嚜鍔ㄥ鐞?[22m[39m[IndexedDB] 鏁版嵁鍒犻櫎鎴愬姛: offline_edit_queue

[90mstdout[2m | src/utils/__tests__/offline-mode.test.ts[2m > [22m[2m绂荤嚎妯″紡鍔熻兘娴嬭瘯[2m > [22m[2m绂荤嚎妯″紡闆嗘垚娴嬭瘯[2m > [22m[2m搴旀敮鎸佺綉缁滅姸鎬佸彉鍖栨椂鐨勮嚜鍔ㄥ鐞?[22m[39m[绂荤嚎闃熷垪] 宸叉竻绌?
[90mstdout[2m | src/utils/__tests__/offline-mode.test.ts[2m > [22m[2m绂荤嚎妯″紡鍔熻兘娴嬭瘯[2m > [22m[2m绂荤嚎妯″紡闆嗘垚娴嬭瘯[2m > [22m[2m搴旀敮鎸佺綉缁滅姸鎬佸彉鍖栨椂鐨勮嚜鍔ㄥ鐞?[22m[39m[缃戠粶鐩戝惉] 宸叉竻鐞?
 [32m鉁?[39m src/utils/__tests__/offline-mode.test.ts [2m([22m[2m14 tests[22m[2m)[22m[33m 4092[2mms[22m[39m
       [33m[2m鉁?[22m[39m 缂撳瓨鐨勬晱鎰熸暟鎹簲姝ｇ‘瀛樺偍鍜屾绱?[33m 355[2mms[22m[39m
       [33m[2m鉁?[22m[39m 缂撳瓨鏁版嵁搴旀敮鎸佽繃鏈熸椂闂磋缃?[33m 1216[2mms[22m[39m
       [33m[2m鉁?[22m[39m 杩囨湡缂撳瓨娓呯悊搴旀纭垹闄よ繃鏈熸暟鎹?[33m 1237[2mms[22m[39m

[31m鈳幆鈳幆鈳幆[39m[1m[41m Failed Suites 1 [49m[22m[31m鈳幆鈳幆鈳幆鈳?[39m

[41m[1m FAIL [22m[49m src/wasm/__tests__/learning-analytics.manual.test.js[2m [ src/wasm/__tests__/learning-analytics.manual.test.
js ][22m
[31m[1mError[22m: No test suite found in file F:/edu-ai-platform-web/frontend/src/wasm/__tests__/learning-analytics.manual.test.js[
39m
[31m[2m鈳幆鈳幆鈳幆鈳幆鈳幆鈳幆鈳幆鈳幆鈳幆鈳幆鈳幆鈳幆[1/2]鈳?[22m[39m


[31m鈳幆鈳幆鈳幆鈳?[39m[1m[41m Failed Tests 1 [49m[22m[31m鈳幆鈳幆鈳幆鈳?[39m

[41m[1m FAIL [22m[49m src/wasm/__tests__/wasm-loader.test.ts[2m > [22mWASM Loader[2m > [22mCalculate Similarity[2m > [22mshou
ld return high similarity for similar strings
[31m[1mAssertionError[22m: expected 0.8 to be greater than 0.8[39m
[36m [2m鉂?[22m src/wasm/__tests__/wasm-loader.test.ts:[2m79:26[22m[39m
    [90m 77| [39m    [34mit[39m([32m'should return high similarity for similar strings'[39m[33m,[39m () [33m=>[39m {
    [90m 78| [39m      [35mconst[39m similarity [33m=[39m [34mcalculateSimilarity[39m([32m'hello'[39m[33m,[39m [32m'hallo'
[39m)[33m;[39m
    [90m 79| [39m      [34mexpect[39m(similarity)[33m.[39m[34mtoBeGreaterThan[39m([34m0.8[39m)[33m;[39m
    [90m   | [39m                         [31m^[39m
    [90m 80| [39m    })[33m;[39m
    [90m 81| [39m

[31m[2m鈳幆鈳幆鈳幆鈳幆鈳幆鈳幆鈳幆鈳幆鈳幆鈳幆鈳幆鈳幆[2/2]鈳?[22m[39m


[2m Test Files [22m [1m[31m2 failed[39m[22m[2m | [22m[1m[32m11 passed[39m[22m[90m (13)[39m
[2m      Tests [22m [1m[31m1 failed[39m[22m[2m | [22m[1m[32m162 passed[39m[22m[90m (163)[39m
[2m   Start at [22m 09:15:01
[2m   Duration [22m 16.65s[2m (transform 3.49s, setup 2.57s, import 20.92s, tests 10.83s, environment 66.03s)[22m

